   1               		.file	"main.c"
   2               		.arch atmega8535
   3               	__SREG__ = 0x3f
   4               	__SP_H__ = 0x3e
   5               	__SP_L__ = 0x3d
   6               	__tmp_reg__ = 0
   7               	__zero_reg__ = 1
   8               		.global __do_copy_data
   9               		.global __do_clear_bss
  11               		.text
  12               	.Ltext0:
  69               	.global	delayms
  71               	delayms:
  73               	.Ltext1:
   1:delay.h       **** /*	LCD.h
   2:delay.h       **** Technophilia embedded systems
   3:delay.h       **** 
   4:delay.h       **** 	this header file provides time delay in the form of mili second and micro second
   5:delay.h       **** 	without affecting any interrupts.
   6:delay.h       **** 
   7:delay.h       **** 	delayms()  this function provides delay in the form of mili second
   8:delay.h       **** 	delayus()  this function provides delay in the form of micro second
   9:delay.h       **** 	
  10:delay.h       **** */
  11:delay.h       **** #ifndef _DELAY_H_
  12:delay.h       **** #define _DELAY_H_
  13:delay.h       **** unsigned int delaycounter1,delaycounter2;
  14:delay.h       **** void delayms(unsigned int delaytime)
  15:delay.h       **** {
  74               	ue end (size=0) */
  76               	.LM1:
  77               		sts (delaycounter1)+1,__zero_reg__
  16:delay.h       **** 
  17:delay.h       **** 	 for(delaycounter1=0;delaycounter1<=delaytime;delaycounter1++)
  78               	M0-delayms
  79               	.LM0:
  80 0000 1092 0000 	/* prologue: frame size=0 */
  81 0004 1092 0000 	/* prologue end (size=0) */
  83 000a 30E0      	.LM1:
  84               		sts (delaycounter1)+1,__zero_reg__
  85               		sts delaycounter1,__zero_reg__
  86               		ldi r18,lo8(0)
  87 000c 40E0      		ldi r19,hi8(0)
  88 000e 50E0      	.L2:
  18:delay.h       **** 	 {
  19:delay.h       **** 		 for(delaycounter2=0;delaycounter2<=800;delaycounter2++)
  20:delay.h       **** 		  {
  21:delay.h       **** 		  asm("nop");asm("nop");asm("nop");asm("nop");asm("nop");asm("nop");
  90               	.LM1:
  91               		sts (delaycounter1)+1,__zero_reg__
  92               		sts delaycounter1,__zero_reg__
  93 0010 0000      		ldi r18,lo8(0)
  94 0012 0000      		ldi r19,hi8(0)
  95 0014 0000      	.L2:
  97 0018 0000      	.LM2:
  98 001a 0000      		ldi r20,lo8(0)
  22:delay.h       **** 		  asm("nop");asm("nop");asm("nop");asm("nop");asm("nop");asm("nop");
  99               	1)+1,__zero_reg__
 100               		sts delaycounter1,__zero_reg__
 101 001c 0000      		ldi r18,lo8(0)
 102 001e 0000      		ldi r19,hi8(0)
 103 0020 0000      	.L2:
 105 0024 0000      	.LM2:
 106 0026 0000      		ldi r20,lo8(0)
 107               		ldi r21,hi8(0)
 108 0028 4F5F      	.L3:
 110               	.LM3:
 111               	/* #APP */
 112 002c 63E0      		nop
 113 002e 4132      		nop
 114 0030 5607      		nop
 115 0032 01F4      		nop
 116 0034 2F5F      		nop
 117 0036 3F4F      		nop
 119               	.LM4:
 120 0038 8217      		nop
 121 003a 9307      		nop
 122 003c 00F4      		nop
 123 003e 3093 0000 		nop
 124 0042 2093 0000 		nop
 125 0046 5093 0000 		nop
 126 004a 4093 0000 	/* #NOAPP */
 127               		subi r20,lo8(-(1))
 128 004e 0895      		sbci r21,hi8(-(1))
 130               	.LM5:
 131               		ldi r22,hi8(801)
 132               		cpi r20,lo8(801)
 133               		cpc r21,r22
 134               		brne .L3
 135               		subi r18,lo8(-(1))
 136               		sbci r19,hi8(-(1))
  23:delay.h       **** 		  }
  24:delay.h       **** 		
  25:delay.h       **** 	 }
  26:delay.h       **** }
  27:delay.h       **** 
  28:delay.h       **** void delayus(unsigned int delaytime)
  29:delay.h       **** {
 138               	i r20,lo8(801)
 139               		cpc r21,r22
 140               		brne .L3
 141               		subi r18,lo8(-(1))
  30:delay.h       **** 
  31:delay.h       **** 	 for(delaycounter1=0;delaycounter1<=delaytime;delaycounter1++)
 142               	bn	68,0,19,.LM5-delayms
 143               	.LM5:
 144 0050 1092 0000 		ldi r22,hi8(801)
 145 0054 1092 0000 		cpi r20,lo8(801)
 146 0058 20E0      		cpc r21,r22
 147 005a 30E0      		brne .L3
 148               		subi r18,lo8(-(1))
  32:delay.h       **** 	 {
  33:delay.h       **** 		 
  34:delay.h       **** 		  asm("nop");asm("nop");asm("nop");asm("nop");asm("nop");asm("nop");
 149               	bn	68,0,19,.LM5-delayms
 150               	.LM5:
 151               		ldi r22,hi8(801)
 152 005c 0000      		cpi r20,lo8(801)
 153 005e 0000      		cpc r21,r22
 154 0060 0000      		brne .L3
 155 0062 0000      		subi r18,lo8(-(1))
 156 0064 0000      		sbci r19,hi8(-(1))
  35:delay.h       **** 		  asm("nop");asm("nop");asm("nop");asm("nop");
 158               	i r20,lo8(801)
 159               		cpc r21,r22
 160 0068 0000      		brne .L3
 161 006a 0000      		subi r18,lo8(-(1))
 162 006c 0000      		sbci r19,hi8(-(1))
 164               	.LM6:
 165 0070 2F5F      		cp r24,r18
 166 0072 3F4F      		cpc r25,r19
 167               		brsh .L2
 168               		sts (delaycounter1)+1,r19
 169 0074 8217      		sts delaycounter1,r18
 170 0076 9307      		sts (delaycounter2)+1,r21
 171 0078 00F4      		sts delaycounter2,r20
 172 007a 3093 0000 	/* epilogue: frame size=0 */
 173 007e 2093 0000 		ret
 174               	/* epilogue end (size=1) */
 175 0082 0895      	/* function delayms size 52 (51) */
 177               	.Lscope0:
 180               	.global	delayus
 182               	delayus:
 184               	.LM7:
 185               	/* prologue: frame size=0 */
   1:main.c        **** //bipping buzzer
   2:main.c        **** //all the lLEDS will glow initially  if any switch is pressed its corresponding LED should off.
   3:main.c        **** #include<avr/io.h>		
   4:main.c        **** #include "delay.h"		//This is the header for AVR Microcontroller.
   5:main.c        **** int main(void)
   6:main.c        **** {
 186               	, @function
 187               	delayus:
 189               	.LM7:
   7:main.c        **** 	DDRC=0x08;					// Port C data direction configuration as output port.
 190               	.global	delayus
 192 0084 88E0      	delayus:
 194               	.LM7:
   8:main.c        **** 	
   9:main.c        **** 	while(1)
  10:main.c        **** 	{
  11:main.c        **** 	 PORTC=0x08;
 195               	.global	delayus
 197 0088 88E0      	delayus:
  12:main.c        **** 	 delayms(1000);
 199               	0,0,24
 200               	.global	delayus
 202 008e 93E0      	delayus:
  13:main.c        **** 	 PORTC=0x00;
 204               	0,0,24
 205               	.global	delayus
  14:main.c        **** 	 delayms(1000);
 207               	0,delayus
 209 0094 88EE      	.global	delayus
 211 0098 00D0      	delayus:
 213               	.LM7:
 214               	/* prologue: frame size=0 */
 215               	/* prologue end (size=0) */
 217               	.LM8:
 218               		sts (delaycounter1)+1,__zero_reg__
 219               		sts delaycounter1,__zero_reg__
 220               		ldi r18,lo8(0)
 221               		ldi r19,hi8(0)
 222               	.L12:
 224               	.LM9:
 225               	/* #APP */
DEFINED SYMBOLS
                            *ABS*:00000000 main.c
C:\DOCUME~1\Prasanta\LOCALS~1\Temp/cce7oC2s.s:3      *ABS*:0000003f __SREG__
C:\DOCUME~1\Prasanta\LOCALS~1\Temp/cce7oC2s.s:4      *ABS*:0000003e __SP_H__
C:\DOCUME~1\Prasanta\LOCALS~1\Temp/cce7oC2s.s:5      *ABS*:0000003d __SP_L__
C:\DOCUME~1\Prasanta\LOCALS~1\Temp/cce7oC2s.s:6      *ABS*:00000000 __tmp_reg__
C:\DOCUME~1\Prasanta\LOCALS~1\Temp/cce7oC2s.s:7      *ABS*:00000001 __zero_reg__
C:\DOCUME~1\Prasanta\LOCALS~1\Temp/cce7oC2s.s:71     .text:00000000 delayms
                            *COM*:00000002 delaycounter1
                            *COM*:00000002 delaycounter2
C:\DOCUME~1\Prasanta\LOCALS~1\Temp/cce7oC2s.s:137    .text:00000050 delayus
C:\DOCUME~1\Prasanta\LOCALS~1\Temp/cce7oC2s.s:183    .text:00000084 main

UNDEFINED SYMBOLS
__do_copy_data
__do_clear_bss
