   1               		.file	"main.c"
   2               		.arch atmega8535
   3               	__SREG__ = 0x3f
   4               	__SP_H__ = 0x3e
   5               	__SP_L__ = 0x3d
   6               	__tmp_reg__ = 0
   7               	__zero_reg__ = 1
   8               		.global __do_copy_data
   9               		.global __do_clear_bss
  11               		.text
  12               	.Ltext0:
  69               	.global	delayms
  71               	delayms:
  73               	.Ltext1:
   1:delay.h       **** /*	LCD.h
   2:delay.h       **** Technophilia embedded systems
   3:delay.h       **** 
   4:delay.h       **** 	this header file provides time delay in the form of mili second and micro second
   5:delay.h       **** 	without affecting any interrupts.
   6:delay.h       **** 
   7:delay.h       **** 	delayms()  this function provides delay in the form of mili second
   8:delay.h       **** 	delayus()  this function provides delay in the form of micro second
   9:delay.h       **** 	
  10:delay.h       **** */
  11:delay.h       **** #ifndef _DELAY_H_
  12:delay.h       **** #define _DELAY_H_
  13:delay.h       **** unsigned int delaycounter1,delaycounter2;
  14:delay.h       **** void delayms(unsigned int delaytime)
  15:delay.h       **** {
  74               	ue end (size=0) */
  76               	.LM1:
  77               		sts (delaycounter1)+1,__zero_reg__
  16:delay.h       **** 
  17:delay.h       **** 	 for(delaycounter1=0;delaycounter1<=delaytime;delaycounter1++)
  78               	 delaycounter1,__zero_reg__
  79               		ldi r18,lo8(0)
  80 0000 1092 0000 		ldi r19,hi8(0)
  81 0004 1092 0000 	.L2:
  83 000a 30E0      	.LM2:
  84               		ldi r20,lo8(0)
  85               		ldi r21,hi8(0)
  86               	.L3:
  88 000e 50E0      	.LM3:
  89               	/* #APP */
  18:delay.h       **** 	 {
  19:delay.h       **** 		 for(delaycounter2=0;delaycounter2<=800;delaycounter2++)
  20:delay.h       **** 		  {
  21:delay.h       **** 		  asm("nop");asm("nop");asm("nop");asm("nop");asm("nop");asm("nop");
  90               	op
  91               		nop
  92               		nop
  93 0010 0000      		nop
  95 0014 0000      	.LM4:
  96 0016 0000      		nop
  97 0018 0000      		nop
  98 001a 0000      		nop
  22:delay.h       **** 		  asm("nop");asm("nop");asm("nop");asm("nop");asm("nop");asm("nop");
  99               	
 100               		nop
 101 001c 0000      	/* #NOAPP */
 102 001e 0000      		subi r20,lo8(-(1))
 103 0020 0000      		sbci r21,hi8(-(1))
 105 0024 0000      	.LM5:
 106 0026 0000      		ldi r22,hi8(801)
 107               		cpi r20,lo8(801)
 108 0028 4F5F      		cpc r21,r22
 109 002a 5F4F      		brne .L3
 110               		subi r18,lo8(-(1))
 111               		sbci r19,hi8(-(1))
 113 002e 4132      	.LM6:
 114 0030 5607      		cp r24,r18
 115 0032 01F4      		cpc r25,r19
 116 0034 2F5F      		brsh .L2
 117 0036 3F4F      		sts (delaycounter1)+1,r19
 118               		sts delaycounter1,r18
 119               		sts (delaycounter2)+1,r21
 120 0038 8217      		sts delaycounter2,r20
 121 003a 9307      	/* epilogue: frame size=0 */
 122 003c 00F4      		ret
 123 003e 3093 0000 	/* epilogue end (size=1) */
 124 0042 2093 0000 	/* function delayms size 52 (51) */
 126 004a 4093 0000 	.Lscope0:
 129               	.global	delayus
 131               	delayus:
 133               	.LM7:
 134               	/* prologue: frame size=0 */
 135               	/* prologue end (size=0) */
 137               	.LM8:
  23:delay.h       **** 		  }
  24:delay.h       **** 		
  25:delay.h       **** 	 }
  26:delay.h       **** }
  27:delay.h       **** 
  28:delay.h       **** void delayus(unsigned int delaytime)
  29:delay.h       **** {
 138               	ts delaycounter1,__zero_reg__
 139               		ldi r18,lo8(0)
 140               		ldi r19,hi8(0)
 141               	.L12:
  30:delay.h       **** 
  31:delay.h       **** 	 for(delaycounter1=0;delaycounter1<=delaytime;delaycounter1++)
 142               	ologue: frame size=0 */
 143               	/* prologue end (size=0) */
 145 0054 1092 0000 	.LM8:
 146 0058 20E0      		sts (delaycounter1)+1,__zero_reg__
 147 005a 30E0      		sts delaycounter1,__zero_reg__
 148               		ldi r18,lo8(0)
  32:delay.h       **** 	 {
  33:delay.h       **** 		 
  34:delay.h       **** 		  asm("nop");asm("nop");asm("nop");asm("nop");asm("nop");asm("nop");
 149               	.LM7-delayus
 150               	.LM7:
 151               	/* prologue: frame size=0 */
 152 005c 0000      	/* prologue end (size=0) */
 154 0060 0000      	.LM8:
 155 0062 0000      		sts (delaycounter1)+1,__zero_reg__
 156 0064 0000      		sts delaycounter1,__zero_reg__
 157 0066 0000      		ldi r18,lo8(0)
  35:delay.h       **** 		  asm("nop");asm("nop");asm("nop");asm("nop");
 158               	.LM7-delayus
 159               	.LM7:
 160 0068 0000      	/* prologue: frame size=0 */
 161 006a 0000      	/* prologue end (size=0) */
 163 006e 0000      	.LM8:
 164               		sts (delaycounter1)+1,__zero_reg__
 165 0070 2F5F      		sts delaycounter1,__zero_reg__
 166 0072 3F4F      		ldi r18,lo8(0)
 167               		ldi r19,hi8(0)
 168               	.L12:
 170 0076 9307      	.LM9:
 171 0078 00F4      	/* #APP */
 172 007a 3093 0000 		nop
 173 007e 2093 0000 		nop
 174               		nop
 175 0082 0895      		nop
 176               		nop
 177               		nop
 179               	.LM10:
 180               		nop
 181               		nop
 182               		nop
 183               		nop
 184               	/* #NOAPP */
 185               		subi r18,lo8(-(1))
   1:main.c        **** //motor control usiing PWM
   2:main.c        **** #include<avr/io.h>		//This is the header for AVR Microcontroller.
   3:main.c        **** #include<avr/interrupt.h>
   4:main.c        **** #include"delay.h"
   5:main.c        **** 
   6:main.c        **** ISR (TIMER0_OVF_vect) //void timer0_ovf_isr(void)
   7:main.c        **** {
 186               	(0)
 187               	.L12:
 189 0084 1F92      	.LM9:
 190 0086 0F92      	/* #APP */
 191 0088 0FB6      		nop
 192 008a 0F92      		nop
 193 008c 1124      		nop
 194 008e 8F93      		nop
 195               		nop
   8:main.c        **** 	PORTD=0x50; 
 196               	s
 197               	.LM8:
 198 0090 80E5      		sts (delaycounter1)+1,__zero_reg__
 199 0092 82BB      		sts delaycounter1,__zero_reg__
   9:main.c        **** 	PORTC=0x18;
 200               	
 202 0094 88E1      	.LM7:
 203 0096 85BB      	/* prologue: frame size=0 */
 204               	/* prologue end (size=0) */
 206 009a 0F90      	.LM8:
 207 009c 0FBE      		sts (delaycounter1)+1,__zero_reg__
 208 009e 0F90      		sts delaycounter1,__zero_reg__
 209 00a0 1F90      		ldi r18,lo8(0)
 210 00a2 1895      		ldi r19,hi8(0)
 211               	.L12:
 213               	.LM9:
 214               	/* #APP */
 215               		nop
 216               		nop
 217               		nop
 218               		nop
  10:main.c        **** }
  11:main.c        **** 
  12:main.c        **** ISR (TIMER0_COMP_vect)
  13:main.c        **** {
 219               	delayus
 220               	.LM8:
 221               		sts (delaycounter1)+1,__zero_reg__
 222 00a4 1F92      		sts delaycounter1,__zero_reg__
 223 00a6 0F92      		ldi r18,lo8(0)
 224 00a8 0FB6      		ldi r19,hi8(0)
 225 00aa 0F92      	.L12:
 227               	.LM9:
  14:main.c        **** 	PORTD=0x00;
 228               	nd (size=0) */
 230 00ae 12BA      	.LM8:
  15:main.c        **** 	PORTC=0x00;
 231               	e:P(0,4)",64,0,0,24
 232               	.global	delayus
 234               	delayus:
 236 00b4 0FBE      	.LM7:
 237 00b6 0F90      	/* prologue: frame size=0 */
 238 00b8 1F90      	/* prologue end (size=0) */
 240               	.LM8:
 241               		sts (delaycounter1)+1,__zero_reg__
 242               		sts delaycounter1,__zero_reg__
 243               		ldi r18,lo8(0)
 244               		ldi r19,hi8(0)
 245               	.L12:
 247               	.LM9:
  16:main.c        **** }
  17:main.c        **** 
  18:main.c        **** 
  19:main.c        **** int main(void)         
  20:main.c        **** {
 248               	nd (size=0) */
 250               	.LM8:
 251               		sts (delaycounter1)+1,__zero_reg__
  21:main.c        **** 	
  22:main.c        **** 	DDRD=0xFF; 			// Port B data direction configuration as output port.
 253               	delayus:
 255 00be 81BB      	.LM7:
  23:main.c        **** 	DDRC=0x18;
 256               	/
 258 00c0 88E1      	.Lscope0:
  24:main.c        **** 	PORTA=0xf0;
 260               	r2)+1,r21
 261               		sts delaycounter2,r20
 262 00c4 80EF      	/* epilogue: frame size=0 */
 263 00c6 8BBB      		ret
  25:main.c        **** 	TIMSK=0x03;			//This is for interrupt enable for timer0.
 264               	pilogue end (size=1) */
 265               	/* function delayms size 52 (51) */
 267 00ca 89BF      	.Lscope0:
  26:main.c        **** 	TCCR0=0x4A;			//This is for timer0 initialization.
 268               	9
 269               		sts delaycounter1,r18
 270 00cc 8AE4      		sts (delaycounter2)+1,r21
 271 00ce 83BF      		sts delaycounter2,r20
  27:main.c        **** 	TCNT0=0x00;
 272               	pilogue: frame size=0 */
 273               		ret
 274 00d0 12BE      	/* epilogue end (size=1) */
  28:main.c        **** 	OCR0=150;
 275               	function delayms size 52 (51) */
 277 00d2 86E9      	.Lscope0:
  29:main.c        **** 	sei();
 279               	r2)+1,r21
 280               		sts delaycounter2,r20
 281               	/* epilogue: frame size=0 */
 282 00d6 7894      		ret
 283               	/* epilogue end (size=1) */
 284               	/* function delayms size 52 (51) */
  30:main.c        **** 	
  31:main.c        ****  while(1)
  32:main.c        ****   {
  33:main.c        **** 	if((PINA & 0x10)==0)
 285               		delayms, .-delayms
 286               	.Lscope0:
  34:main.c        **** 		{
  35:main.c        **** 		delayms(15);
 289               	ilogue: frame size=0 */
 290               		ret
 291 00dc 8FE0      	/* epilogue end (size=1) */
 292 00de 90E0      	/* function delayms size 52 (51) */
  36:main.c        **** 		OCR0++;
 294               	pe0:
 297 00e4 8F5F      	.global	delayus
  37:main.c        **** 		if(OCR0>=251){OCR0=251;}
 299               	 (size=1) */
 300               	/* function delayms size 52 (51) */
 302 00ea 8B3F      	.Lscope0:
 305 00f0 8CBF      	.global	delayus
  38:main.c        **** 		}
  39:main.c        **** 	if((PINA & 0x20)==0)
 307               	 (size=1) */
 308               	/* function delayms size 52 (51) */
 310 00f4 00C0      	.Lscope0:
  40:main.c        **** 		{
  41:main.c        **** 		delayms(15);
 311               	9
 312               		sts delaycounter1,r18
 313 00f6 8FE0      		sts (delaycounter2)+1,r21
 314 00f8 90E0      		sts delaycounter2,r20
 315 00fa 00D0      	/* epilogue: frame size=0 */
  42:main.c        **** 		OCR0--;
 316               	/* epilogue end (size=1) */
 317               	/* function delayms size 52 (51) */
 319 00fe 8150      	.Lscope0:
  43:main.c        **** 		if(OCR0<=3){OCR0=3;}
 321               	bs	"delaytime:P(0,4)",64,0,0,24
 322               	.global	delayus
 324 0104 8430      	delayus:
 326 0108 83E0      	.LM7:
 327 010a 8CBF      	/* prologue: frame size=0 */
 328 010c 00C0      	/* prologue end (size=0) */
 330               	.LM8:
 331               		sts (delaycounter1)+1,__zero_reg__
 332               		sts delaycounter1,__zero_reg__
 333               		ldi r18,lo8(0)
 334               		ldi r19,hi8(0)
 335               	.L12:
 337               	.LM9:
 338               	/* #APP */
 339               		nop
 340               		nop
 341               		nop
DEFINED SYMBOLS
                            *ABS*:00000000 main.c
C:\DOCUME~1\Prasanta\LOCALS~1\Temp/ccDcQ8pv.s:3      *ABS*:0000003f __SREG__
C:\DOCUME~1\Prasanta\LOCALS~1\Temp/ccDcQ8pv.s:4      *ABS*:0000003e __SP_H__
C:\DOCUME~1\Prasanta\LOCALS~1\Temp/ccDcQ8pv.s:5      *ABS*:0000003d __SP_L__
C:\DOCUME~1\Prasanta\LOCALS~1\Temp/ccDcQ8pv.s:6      *ABS*:00000000 __tmp_reg__
C:\DOCUME~1\Prasanta\LOCALS~1\Temp/ccDcQ8pv.s:7      *ABS*:00000001 __zero_reg__
C:\DOCUME~1\Prasanta\LOCALS~1\Temp/ccDcQ8pv.s:71     .text:00000000 delayms
                            *COM*:00000002 delaycounter1
                            *COM*:00000002 delaycounter2
C:\DOCUME~1\Prasanta\LOCALS~1\Temp/ccDcQ8pv.s:137    .text:00000050 delayus
C:\DOCUME~1\Prasanta\LOCALS~1\Temp/ccDcQ8pv.s:183    .text:00000084 __vector_9
C:\DOCUME~1\Prasanta\LOCALS~1\Temp/ccDcQ8pv.s:218    .text:000000a4 __vector_19
C:\DOCUME~1\Prasanta\LOCALS~1\Temp/ccDcQ8pv.s:247    .text:000000bc main

UNDEFINED SYMBOLS
__do_copy_data
__do_clear_bss
