Archive member included because of file (symbol)

c:/winavr/bin/../lib/gcc/avr/4.1.1/avr5\libgcc.a(_udivmodqi4.o)
                              main.o (__udivmodqi4)
c:/winavr/bin/../lib/gcc/avr/4.1.1/avr5\libgcc.a(_divmodhi4.o)
                              main.o (__divmodhi4)
c:/winavr/bin/../lib/gcc/avr/4.1.1/avr5\libgcc.a(_copy_data.o)
                              main.o (__do_copy_data)
c:/winavr/bin/../lib/gcc/avr/4.1.1/avr5\libgcc.a(_clear_bss.o)
                              main.o (__do_clear_bss)
c:/winavr/bin/../lib/gcc/avr/4.1.1/avr5\libgcc.a(_udivmodhi4.o)
                              c:/winavr/bin/../lib/gcc/avr/4.1.1/avr5\libgcc.a(_divmodhi4.o) (__udivmodhi4)

Allocating common symbols
Common symbol       size              file

delaycounter2       0x2               main.o
delaycounter1       0x2               main.o

Discarded input sections

 .stabstr       0x00000000        0x0 c:/winavr/bin/../lib/gcc/avr/4.1.1/../../../../avr/lib/avr5/crtm16.o
 .stabstr       0x00000000        0x0 main.o

Memory Configuration

Name             Origin             Length             Attributes
text             0x00000000         0x00020000         xr
data             0x00800060         0x0000ffa0         rw !x
eeprom           0x00810000         0x00010000         rw !x
*default*        0x00000000         0xffffffff

Linker script and memory map

LOAD c:/winavr/bin/../lib/gcc/avr/4.1.1/../../../../avr/lib/avr5/crtm16.o
LOAD main.o
LOAD c:/winavr/bin/../lib/gcc/avr/4.1.1/../../../../avr/lib/avr5\libm.a
LOAD c:/winavr/bin/../lib/gcc/avr/4.1.1/avr5\libgcc.a
LOAD c:/winavr/bin/../lib/gcc/avr/4.1.1/../../../../avr/lib/avr5\libc.a
LOAD c:/winavr/bin/../lib/gcc/avr/4.1.1/avr5\libgcc.a

.hash
 *(.hash)

.dynsym
 *(.dynsym)

.dynstr
 *(.dynstr)

.gnu.version
 *(.gnu.version)

.gnu.version_d
 *(.gnu.version_d)

.gnu.version_r
 *(.gnu.version_r)

.rel.init
 *(.rel.init)

.rela.init
 *(.rela.init)

.rel.text
 *(.rel.text)
 *(.rel.text.*)
 *(.rel.gnu.linkonce.t*)

.rela.text
 *(.rela.text)
 *(.rela.text.*)
 *(.rela.gnu.linkonce.t*)

.rel.fini
 *(.rel.fini)

.rela.fini
 *(.rela.fini)

.rel.rodata
 *(.rel.rodata)
 *(.rel.rodata.*)
 *(.rel.gnu.linkonce.r*)

.rela.rodata
 *(.rela.rodata)
 *(.rela.rodata.*)
 *(.rela.gnu.linkonce.r*)

.rel.data
 *(.rel.data)
 *(.rel.data.*)
 *(.rel.gnu.linkonce.d*)

.rela.data
 *(.rela.data)
 *(.rela.data.*)
 *(.rela.gnu.linkonce.d*)

.rel.ctors
 *(.rel.ctors)

.rela.ctors
 *(.rela.ctors)

.rel.dtors
 *(.rel.dtors)

.rela.dtors
 *(.rela.dtors)

.rel.got
 *(.rel.got)

.rela.got
 *(.rela.got)

.rel.bss
 *(.rel.bss)

.rela.bss
 *(.rela.bss)

.rel.plt
 *(.rel.plt)

.rela.plt
 *(.rela.plt)

.text           0x00000000      0x34e
 *(.vectors)
 .vectors       0x00000000       0x54 c:/winavr/bin/../lib/gcc/avr/4.1.1/../../../../avr/lib/avr5/crtm16.o
                0x00000000                __vectors
                0x00000000                __vector_default
 *(.vectors)
 *(.progmem.gcc*)
 *(.progmem*)
                0x00000054                . = ALIGN (0x2)
                0x00000054                __trampolines_start = .
 *(.trampolines)
 .trampolines   0x00000054        0x0 linker stubs
 *(.trampolines*)
                0x00000054                __trampolines_end = .
 *(.jumptables)
 *(.jumptables*)
 *(.lowtext)
 *(.lowtext*)
                0x00000054                __ctors_start = .
 *(.ctors)
                0x00000054                __ctors_end = .
                0x00000054                __dtors_start = .
 *(.dtors)
                0x00000054                __dtors_end = .
 SORT(*)(.ctors)
 SORT(*)(.dtors)
 *(.init0)
 .init0         0x00000054        0x0 c:/winavr/bin/../lib/gcc/avr/4.1.1/../../../../avr/lib/avr5/crtm16.o
                0x00000054                __init
 *(.init0)
 *(.init1)
 *(.init1)
 *(.init2)
 .init2         0x00000054        0xc c:/winavr/bin/../lib/gcc/avr/4.1.1/../../../../avr/lib/avr5/crtm16.o
 *(.init2)
 *(.init3)
 *(.init3)
 *(.init4)
 .init4         0x00000060       0x16 c:/winavr/bin/../lib/gcc/avr/4.1.1/avr5\libgcc.a(_copy_data.o)
                0x00000060                __do_copy_data
 .init4         0x00000076       0x10 c:/winavr/bin/../lib/gcc/avr/4.1.1/avr5\libgcc.a(_clear_bss.o)
                0x00000076                __do_clear_bss
 *(.init4)
 *(.init5)
 *(.init5)
 *(.init6)
 *(.init6)
 *(.init7)
 *(.init7)
 *(.init8)
 *(.init8)
 *(.init9)
 .init9         0x00000086        0x4 c:/winavr/bin/../lib/gcc/avr/4.1.1/../../../../avr/lib/avr5/crtm16.o
 *(.init9)
 *(.text)
 .text          0x0000008a        0x4 c:/winavr/bin/../lib/gcc/avr/4.1.1/../../../../avr/lib/avr5/crtm16.o
                0x0000008a                __vector_1
                0x0000008a                __vector_12
                0x0000008a                __bad_interrupt
                0x0000008a                __vector_6
                0x0000008a                __vector_3
                0x0000008a                __vector_11
                0x0000008a                __vector_13
                0x0000008a                __vector_17
                0x0000008a                __vector_19
                0x0000008a                __vector_7
                0x0000008a                __vector_5
                0x0000008a                __vector_4
                0x0000008a                __vector_9
                0x0000008a                __vector_2
                0x0000008a                __vector_15
                0x0000008a                __vector_8
                0x0000008a                __vector_14
                0x0000008a                __vector_10
                0x0000008a                __vector_16
                0x0000008a                __vector_18
                0x0000008a                __vector_20
 .text          0x0000008e      0x25a main.o
                0x000001fa                lcd_showvalue
                0x00000176                lcd_char
                0x0000008e                delayms
                0x0000025a                lcd_gotoxy
                0x000002d2                lcd_clear
                0x0000019c                lcd_string
                0x00000296                lcd_init
                0x000002da                main
                0x00000276                delay_ms
                0x000000de                delayus
                0x00000130                latch
                0x00000144                lcd_cmd
                0x00000112                dely_ns
 .text          0x000002e8        0x0 c:/winavr/bin/../lib/gcc/avr/4.1.1/avr5\libgcc.a(_udivmodqi4.o)
 .text          0x000002e8        0x0 c:/winavr/bin/../lib/gcc/avr/4.1.1/avr5\libgcc.a(_divmodhi4.o)
 .text          0x000002e8        0x0 c:/winavr/bin/../lib/gcc/avr/4.1.1/avr5\libgcc.a(_copy_data.o)
 .text          0x000002e8        0x0 c:/winavr/bin/../lib/gcc/avr/4.1.1/avr5\libgcc.a(_clear_bss.o)
 .text          0x000002e8        0x0 c:/winavr/bin/../lib/gcc/avr/4.1.1/avr5\libgcc.a(_udivmodhi4.o)
                0x000002e8                . = ALIGN (0x2)
 *(.text.*)
 .text.libgcc   0x000002e8       0x18 c:/winavr/bin/../lib/gcc/avr/4.1.1/avr5\libgcc.a(_udivmodqi4.o)
                0x000002e8                __udivmodqi4
 .text.libgcc   0x00000300       0x26 c:/winavr/bin/../lib/gcc/avr/4.1.1/avr5\libgcc.a(_divmodhi4.o)
                0x00000300                __divmodhi4
                0x00000300                _div
 .text.libgcc   0x00000326        0x0 c:/winavr/bin/../lib/gcc/avr/4.1.1/avr5\libgcc.a(_copy_data.o)
 .text.libgcc   0x00000326        0x0 c:/winavr/bin/../lib/gcc/avr/4.1.1/avr5\libgcc.a(_clear_bss.o)
 .text.libgcc   0x00000326       0x28 c:/winavr/bin/../lib/gcc/avr/4.1.1/avr5\libgcc.a(_udivmodhi4.o)
                0x00000326                __udivmodhi4
                0x0000034e                . = ALIGN (0x2)
 *(.fini9)
 *(.fini9)
 *(.fini8)
 *(.fini8)
 *(.fini7)
 *(.fini7)
 *(.fini6)
 *(.fini6)
 *(.fini5)
 *(.fini5)
 *(.fini4)
 *(.fini4)
 *(.fini3)
 *(.fini3)
 *(.fini2)
 *(.fini2)
 *(.fini1)
 *(.fini1)
 *(.fini0)
 *(.fini0)
                0x0000034e                _etext = .

.data           0x00800060        0xe load address 0x0000034e
                0x00800060                PROVIDE (__data_start, .)
 *(.data)
 .data          0x00800060        0x0 c:/winavr/bin/../lib/gcc/avr/4.1.1/../../../../avr/lib/avr5/crtm16.o
 .data          0x00800060        0xd main.o
 .data          0x0080006d        0x0 c:/winavr/bin/../lib/gcc/avr/4.1.1/avr5\libgcc.a(_udivmodqi4.o)
 .data          0x0080006d        0x0 c:/winavr/bin/../lib/gcc/avr/4.1.1/avr5\libgcc.a(_divmodhi4.o)
 .data          0x0080006d        0x0 c:/winavr/bin/../lib/gcc/avr/4.1.1/avr5\libgcc.a(_copy_data.o)
 .data          0x0080006d        0x0 c:/winavr/bin/../lib/gcc/avr/4.1.1/avr5\libgcc.a(_clear_bss.o)
 .data          0x0080006d        0x0 c:/winavr/bin/../lib/gcc/avr/4.1.1/avr5\libgcc.a(_udivmodhi4.o)
 *(.data*)
 *(.rodata)
 *(.rodata*)
 *(.gnu.linkonce.d*)
                0x0080006e                . = ALIGN (0x2)
 *fill*         0x0080006d        0x1 00
                0x0080006e                _edata = .
                0x0080006e                PROVIDE (__data_end, .)

.bss            0x0080006e        0x7
                0x0080006e                PROVIDE (__bss_start, .)
 *(.bss)
 .bss           0x0080006e        0x0 c:/winavr/bin/../lib/gcc/avr/4.1.1/../../../../avr/lib/avr5/crtm16.o
 .bss           0x0080006e        0x3 main.o
                0x0080006f                j
                0x0080006e                k
                0x00800070                save
 .bss           0x00800071        0x0 c:/winavr/bin/../lib/gcc/avr/4.1.1/avr5\libgcc.a(_udivmodqi4.o)
 .bss           0x00800071        0x0 c:/winavr/bin/../lib/gcc/avr/4.1.1/avr5\libgcc.a(_divmodhi4.o)
 .bss           0x00800071        0x0 c:/winavr/bin/../lib/gcc/avr/4.1.1/avr5\libgcc.a(_copy_data.o)
 .bss           0x00800071        0x0 c:/winavr/bin/../lib/gcc/avr/4.1.1/avr5\libgcc.a(_clear_bss.o)
 .bss           0x00800071        0x0 c:/winavr/bin/../lib/gcc/avr/4.1.1/avr5\libgcc.a(_udivmodhi4.o)
 *(.bss*)
 *(COMMON)
 COMMON         0x00800071        0x4 main.o
                0x00800071                delaycounter2
                0x00800073                delaycounter1
                0x00800075                PROVIDE (__bss_end, .)
                0x0000034e                __data_load_start = LOADADDR (.data)
                0x0000035c                __data_load_end = (__data_load_start + SIZEOF (.data))

.noinit         0x00800075        0x0
                0x00800075                PROVIDE (__noinit_start, .)
 *(.noinit*)
                0x00800075                PROVIDE (__noinit_end, .)
                0x00800075                _end = .
                0x00800075                PROVIDE (__heap_start, .)

.eeprom         0x00810000        0x0
 *(.eeprom*)
                0x00810000                __eeprom_end = .

.stab           0x00000000      0xb7c
 *(.stab)
 .stab          0x00000000      0x36c c:/winavr/bin/../lib/gcc/avr/4.1.1/../../../../avr/lib/avr5/crtm16.o
 .stab          0x0000036c      0x810 main.o
                                0x81c (size before relaxing)

.stabstr        0x00000000      0x85a
 *(.stabstr)
 .stabstr       0x00000000      0x85a c:/winavr/bin/../lib/gcc/avr/4.1.1/../../../../avr/lib/avr5/crtm16.o

.stab.excl
 *(.stab.excl)

.stab.exclstr
 *(.stab.exclstr)

.stab.index
 *(.stab.index)

.stab.indexstr
 *(.stab.indexstr)

.comment
 *(.comment)

.debug
 *(.debug)

.line
 *(.line)

.debug_srcinfo
 *(.debug_srcinfo)

.debug_sfnames
 *(.debug_sfnames)

.debug_aranges
 *(.debug_aranges)

.debug_pubnames
 *(.debug_pubnames)

.debug_info
 *(.debug_info)
 *(.gnu.linkonce.wi.*)

.debug_abbrev
 *(.debug_abbrev)

.debug_line
 *(.debug_line)

.debug_frame
 *(.debug_frame)

.debug_str
 *(.debug_str)

.debug_loc
 *(.debug_loc)

.debug_macinfo
 *(.debug_macinfo)
OUTPUT(main.elf elf32-avr)
LOAD linker stubs

Cross Reference Table

Symbol                                            File
__bad_interrupt                                   c:/winavr/bin/../lib/gcc/avr/4.1.1/../../../../avr/lib/avr5/crtm16.o
__bss_end                                         c:/winavr/bin/../lib/gcc/avr/4.1.1/avr5\libgcc.a(_clear_bss.o)
__bss_start                                       c:/winavr/bin/../lib/gcc/avr/4.1.1/avr5\libgcc.a(_clear_bss.o)
__data_end                                        c:/winavr/bin/../lib/gcc/avr/4.1.1/avr5\libgcc.a(_copy_data.o)
__data_load_start                                 c:/winavr/bin/../lib/gcc/avr/4.1.1/avr5\libgcc.a(_copy_data.o)
__data_start                                      c:/winavr/bin/../lib/gcc/avr/4.1.1/avr5\libgcc.a(_copy_data.o)
__divmodhi4                                       c:/winavr/bin/../lib/gcc/avr/4.1.1/avr5\libgcc.a(_divmodhi4.o)
                                                  main.o
__do_clear_bss                                    c:/winavr/bin/../lib/gcc/avr/4.1.1/avr5\libgcc.a(_clear_bss.o)
                                                  main.o
__do_copy_data                                    c:/winavr/bin/../lib/gcc/avr/4.1.1/avr5\libgcc.a(_copy_data.o)
                                                  main.o
__heap_end                                        c:/winavr/bin/../lib/gcc/avr/4.1.1/../../../../avr/lib/avr5/crtm16.o
__init                                            c:/winavr/bin/../lib/gcc/avr/4.1.1/../../../../avr/lib/avr5/crtm16.o
__stack                                           c:/winavr/bin/../lib/gcc/avr/4.1.1/../../../../avr/lib/avr5/crtm16.o
__udivmodhi4                                      c:/winavr/bin/../lib/gcc/avr/4.1.1/avr5\libgcc.a(_udivmodhi4.o)
                                                  c:/winavr/bin/../lib/gcc/avr/4.1.1/avr5\libgcc.a(_divmodhi4.o)
__udivmodqi4                                      c:/winavr/bin/../lib/gcc/avr/4.1.1/avr5\libgcc.a(_udivmodqi4.o)
                                                  main.o
__vector_1                                        c:/winavr/bin/../lib/gcc/avr/4.1.1/../../../../avr/lib/avr5/crtm16.o
__vector_10                                       c:/winavr/bin/../lib/gcc/avr/4.1.1/../../../../avr/lib/avr5/crtm16.o
__vector_11                                       c:/winavr/bin/../lib/gcc/avr/4.1.1/../../../../avr/lib/avr5/crtm16.o
__vector_12                                       c:/winavr/bin/../lib/gcc/avr/4.1.1/../../../../avr/lib/avr5/crtm16.o
__vector_13                                       c:/winavr/bin/../lib/gcc/avr/4.1.1/../../../../avr/lib/avr5/crtm16.o
__vector_14                                       c:/winavr/bin/../lib/gcc/avr/4.1.1/../../../../avr/lib/avr5/crtm16.o
__vector_15                                       c:/winavr/bin/../lib/gcc/avr/4.1.1/../../../../avr/lib/avr5/crtm16.o
__vector_16                                       c:/winavr/bin/../lib/gcc/avr/4.1.1/../../../../avr/lib/avr5/crtm16.o
__vector_17                                       c:/winavr/bin/../lib/gcc/avr/4.1.1/../../../../avr/lib/avr5/crtm16.o
__vector_18                                       c:/winavr/bin/../lib/gcc/avr/4.1.1/../../../../avr/lib/avr5/crtm16.o
__vector_19                                       c:/winavr/bin/../lib/gcc/avr/4.1.1/../../../../avr/lib/avr5/crtm16.o
__vector_2                                        c:/winavr/bin/../lib/gcc/avr/4.1.1/../../../../avr/lib/avr5/crtm16.o
__vector_20                                       c:/winavr/bin/../lib/gcc/avr/4.1.1/../../../../avr/lib/avr5/crtm16.o
__vector_3                                        c:/winavr/bin/../lib/gcc/avr/4.1.1/../../../../avr/lib/avr5/crtm16.o
__vector_4                                        c:/winavr/bin/../lib/gcc/avr/4.1.1/../../../../avr/lib/avr5/crtm16.o
__vector_5                                        c:/winavr/bin/../lib/gcc/avr/4.1.1/../../../../avr/lib/avr5/crtm16.o
__vector_6                                        c:/winavr/bin/../lib/gcc/avr/4.1.1/../../../../avr/lib/avr5/crtm16.o
__vector_7                                        c:/winavr/bin/../lib/gcc/avr/4.1.1/../../../../avr/lib/avr5/crtm16.o
__vector_8                                        c:/winavr/bin/../lib/gcc/avr/4.1.1/../../../../avr/lib/avr5/crtm16.o
__vector_9                                        c:/winavr/bin/../lib/gcc/avr/4.1.1/../../../../avr/lib/avr5/crtm16.o
__vector_default                                  c:/winavr/bin/../lib/gcc/avr/4.1.1/../../../../avr/lib/avr5/crtm16.o
__vectors                                         c:/winavr/bin/../lib/gcc/avr/4.1.1/../../../../avr/lib/avr5/crtm16.o
_div                                              c:/winavr/bin/../lib/gcc/avr/4.1.1/avr5\libgcc.a(_divmodhi4.o)
delay_ms                                          main.o
delaycounter1                                     main.o
delaycounter2                                     main.o
delayms                                           main.o
delayus                                           main.o
dely_ns                                           main.o
j                                                 main.o
k                                                 main.o
latch                                             main.o
lcd_char                                          main.o
lcd_clear                                         main.o
lcd_cmd                                           main.o
lcd_gotoxy                                        main.o
lcd_init                                          main.o
lcd_showvalue                                     main.o
lcd_string                                        main.o
main                                              main.o
                                                  c:/winavr/bin/../lib/gcc/avr/4.1.1/../../../../avr/lib/avr5/crtm16.o
save                                              main.o
