Archive member included because of file (symbol)

d:/softwares/bin/../lib/gcc/avr/4.3.2/avr5\libgcc.a(_divmodhi4.o)
                              bitsatmos.o (__divmodhi4)
d:/softwares/bin/../lib/gcc/avr/4.3.2/avr5\libgcc.a(_exit.o)
                              d:/softwares/bin/../lib/gcc/avr/4.3.2/../../../../avr/lib/avr5/crtm16.o (exit)
d:/softwares/bin/../lib/gcc/avr/4.3.2/avr5\libgcc.a(_copy_data.o)
                              bitsatmos.o (__do_copy_data)
d:/softwares/bin/../lib/gcc/avr/4.3.2/avr5\libgcc.a(_clear_bss.o)
                              bitsatmos.o (__do_clear_bss)
d:/softwares/bin/../lib/gcc/avr/4.3.2/avr5\libgcc.a(_fixunssfsi.o)
                              bitsatmos.o (__fixunssfsi)
d:/softwares/bin/../lib/gcc/avr/4.3.2/avr5\libgcc.a(_addsub_sf.o)
                              bitsatmos.o (__subsf3)
d:/softwares/bin/../lib/gcc/avr/4.3.2/avr5\libgcc.a(_mul_sf.o)
                              bitsatmos.o (__mulsf3)
d:/softwares/bin/../lib/gcc/avr/4.3.2/avr5\libgcc.a(_div_sf.o)
                              bitsatmos.o (__divsf3)
d:/softwares/bin/../lib/gcc/avr/4.3.2/avr5\libgcc.a(_ge_sf.o)
                              d:/softwares/bin/../lib/gcc/avr/4.3.2/avr5\libgcc.a(_fixunssfsi.o) (__gesf2)
d:/softwares/bin/../lib/gcc/avr/4.3.2/avr5\libgcc.a(_lt_sf.o)
                              bitsatmos.o (__ltsf2)
d:/softwares/bin/../lib/gcc/avr/4.3.2/avr5\libgcc.a(_si_to_sf.o)
                              bitsatmos.o (__floatsisf)
d:/softwares/bin/../lib/gcc/avr/4.3.2/avr5\libgcc.a(_sf_to_si.o)
                              d:/softwares/bin/../lib/gcc/avr/4.3.2/avr5\libgcc.a(_fixunssfsi.o) (__fixsfsi)
d:/softwares/bin/../lib/gcc/avr/4.3.2/avr5\libgcc.a(_thenan_sf.o)
                              d:/softwares/bin/../lib/gcc/avr/4.3.2/avr5\libgcc.a(_addsub_sf.o) (__thenan_sf)
d:/softwares/bin/../lib/gcc/avr/4.3.2/avr5\libgcc.a(_usi_to_sf.o)
                              bitsatmos.o (__floatunsisf)
d:/softwares/bin/../lib/gcc/avr/4.3.2/avr5\libgcc.a(_udivmodhi4.o)
                              d:/softwares/bin/../lib/gcc/avr/4.3.2/avr5\libgcc.a(_divmodhi4.o) (__udivmodhi4)
d:/softwares/bin/../lib/gcc/avr/4.3.2/avr5\libgcc.a(_prologue.o)
                              d:/softwares/bin/../lib/gcc/avr/4.3.2/avr5\libgcc.a(_addsub_sf.o) (__prologue_saves__)
d:/softwares/bin/../lib/gcc/avr/4.3.2/avr5\libgcc.a(_epilogue.o)
                              d:/softwares/bin/../lib/gcc/avr/4.3.2/avr5\libgcc.a(_addsub_sf.o) (__epilogue_restores__)
d:/softwares/bin/../lib/gcc/avr/4.3.2/avr5\libgcc.a(_clzsi2.o)
                              d:/softwares/bin/../lib/gcc/avr/4.3.2/avr5\libgcc.a(_si_to_sf.o) (__clzsi2)
d:/softwares/bin/../lib/gcc/avr/4.3.2/avr5\libgcc.a(_pack_sf.o)
                              d:/softwares/bin/../lib/gcc/avr/4.3.2/avr5\libgcc.a(_addsub_sf.o) (__pack_f)
d:/softwares/bin/../lib/gcc/avr/4.3.2/avr5\libgcc.a(_unpack_sf.o)
                              d:/softwares/bin/../lib/gcc/avr/4.3.2/avr5\libgcc.a(_addsub_sf.o) (__unpack_f)
d:/softwares/bin/../lib/gcc/avr/4.3.2/avr5\libgcc.a(_fpcmp_parts_sf.o)
                              d:/softwares/bin/../lib/gcc/avr/4.3.2/avr5\libgcc.a(_ge_sf.o) (__fpcmp_parts_f)
d:/softwares/bin/../lib/gcc/avr/4.3.2/avr5\libgcc.a(_clz.o)
                              d:/softwares/bin/../lib/gcc/avr/4.3.2/avr5\libgcc.a(_clzsi2.o) (__clz_tab)

Allocating common symbols
Common symbol       size              file

D                   0x4               bitsatmos.o
s6                  0x2               bitsatmos.o
s1                  0x2               bitsatmos.o
s4                  0x2               bitsatmos.o
s8                  0x2               bitsatmos.o
correction          0x4               bitsatmos.o
rightpulse          0x2               bitsatmos.o
s5                  0x2               bitsatmos.o
s2                  0x2               bitsatmos.o
I                   0x4               bitsatmos.o
leftpulse           0x2               bitsatmos.o
s3                  0x2               bitsatmos.o
s7                  0x2               bitsatmos.o
P                   0x4               bitsatmos.o

Memory Configuration

Name             Origin             Length             Attributes
text             0x00000000         0x00020000         xr
data             0x00800060         0x0000ffa0         rw !x
eeprom           0x00810000         0x00010000         rw !x
fuse             0x00820000         0x00000400         rw !x
lock             0x00830000         0x00000400         rw !x
signature        0x00840000         0x00000400         rw !x
*default*        0x00000000         0xffffffff

Linker script and memory map

LOAD d:/softwares/bin/../lib/gcc/avr/4.3.2/../../../../avr/lib/avr5/crtm16.o
LOAD bitsatmos.o
LOAD d:/softwares/bin/../lib/gcc/avr/4.3.2/avr5\libgcc.a
LOAD d:/softwares/bin/../lib/gcc/avr/4.3.2/../../../../avr/lib/avr5\libc.a
LOAD d:/softwares/bin/../lib/gcc/avr/4.3.2/avr5\libgcc.a

.hash
 *(.hash)

.dynsym
 *(.dynsym)

.dynstr
 *(.dynstr)

.gnu.version
 *(.gnu.version)

.gnu.version_d
 *(.gnu.version_d)

.gnu.version_r
 *(.gnu.version_r)

.rel.init
 *(.rel.init)

.rela.init
 *(.rela.init)

.rel.text
 *(.rel.text)
 *(.rel.text.*)
 *(.rel.gnu.linkonce.t*)

.rela.text
 *(.rela.text)
 *(.rela.text.*)
 *(.rela.gnu.linkonce.t*)

.rel.fini
 *(.rel.fini)

.rela.fini
 *(.rela.fini)

.rel.rodata
 *(.rel.rodata)
 *(.rel.rodata.*)
 *(.rel.gnu.linkonce.r*)

.rela.rodata
 *(.rela.rodata)
 *(.rela.rodata.*)
 *(.rela.gnu.linkonce.r*)

.rel.data
 *(.rel.data)
 *(.rel.data.*)
 *(.rel.gnu.linkonce.d*)

.rela.data
 *(.rela.data)
 *(.rela.data.*)
 *(.rela.gnu.linkonce.d*)

.rel.ctors
 *(.rel.ctors)

.rela.ctors
 *(.rela.ctors)

.rel.dtors
 *(.rel.dtors)

.rela.dtors
 *(.rela.dtors)

.rel.got
 *(.rel.got)

.rela.got
 *(.rela.got)

.rel.bss
 *(.rel.bss)

.rela.bss
 *(.rela.bss)

.rel.plt
 *(.rel.plt)

.rela.plt
 *(.rela.plt)

.text           0x00000000     0x27ce
 *(.vectors)
 .vectors       0x00000000       0x54 d:/softwares/bin/../lib/gcc/avr/4.3.2/../../../../avr/lib/avr5/crtm16.o
                0x00000000                __vectors
                0x00000000                __vector_default
 *(.vectors)
 *(.progmem.gcc*)
 *(.progmem*)
                0x00000054                . = ALIGN (0x2)
                0x00000054                __trampolines_start = .
 *(.trampolines)
 .trampolines   0x00000054        0x0 linker stubs
 *(.trampolines*)
                0x00000054                __trampolines_end = .
 *(.jumptables)
 *(.jumptables*)
 *(.lowtext)
 *(.lowtext*)
                0x00000054                __ctors_start = .
 *(.ctors)
                0x00000054                __ctors_end = .
                0x00000054                __dtors_start = .
 *(.dtors)
                0x00000054                __dtors_end = .
 SORT(*)(.ctors)
 SORT(*)(.dtors)
 *(.init0)
 .init0         0x00000054        0x0 d:/softwares/bin/../lib/gcc/avr/4.3.2/../../../../avr/lib/avr5/crtm16.o
                0x00000054                __init
 *(.init0)
 *(.init1)
 *(.init1)
 *(.init2)
 .init2         0x00000054        0xc d:/softwares/bin/../lib/gcc/avr/4.3.2/../../../../avr/lib/avr5/crtm16.o
 *(.init2)
 *(.init3)
 *(.init3)
 *(.init4)
 .init4         0x00000060       0x16 d:/softwares/bin/../lib/gcc/avr/4.3.2/avr5\libgcc.a(_copy_data.o)
                0x00000060                __do_copy_data
 .init4         0x00000076       0x10 d:/softwares/bin/../lib/gcc/avr/4.3.2/avr5\libgcc.a(_clear_bss.o)
                0x00000076                __do_clear_bss
 *(.init4)
 *(.init5)
 *(.init5)
 *(.init6)
 *(.init6)
 *(.init7)
 *(.init7)
 *(.init8)
 *(.init8)
 *(.init9)
 .init9         0x00000086        0x8 d:/softwares/bin/../lib/gcc/avr/4.3.2/../../../../avr/lib/avr5/crtm16.o
 *(.init9)
 *(.text)
 .text          0x0000008e        0x4 d:/softwares/bin/../lib/gcc/avr/4.3.2/../../../../avr/lib/avr5/crtm16.o
                0x0000008e                __vector_12
                0x0000008e                __bad_interrupt
                0x0000008e                __vector_6
                0x0000008e                __vector_3
                0x0000008e                __vector_11
                0x0000008e                __vector_13
                0x0000008e                __vector_17
                0x0000008e                __vector_19
                0x0000008e                __vector_7
                0x0000008e                __vector_5
                0x0000008e                __vector_4
                0x0000008e                __vector_9
                0x0000008e                __vector_15
                0x0000008e                __vector_8
                0x0000008e                __vector_14
                0x0000008e                __vector_10
                0x0000008e                __vector_16
                0x0000008e                __vector_20
 .text          0x00000092     0x1884 bitsatmos.o
                0x0000178e                __vector_1
                0x00000508                BacklightOff
                0x0000050c                assign
                0x0000018c                LCDWriteString
                0x0000047a                RightMF
                0x000002a2                InitPWM
                0x000000e6                LCDByte
                0x00000092                LCDBusyLoop
                0x00000504                BacklightOn
                0x00000136                InitLCD
                0x0000048a                RightMB
                0x000002de                CalcError
                0x00000482                LeftMF
                0x00000998                main
                0x00000680                DispMenu
                0x000001a8                LCDWriteInt
                0x0000049a                RightMS
                0x000004a2                delay
                0x0000154c                __vector_2
                0x00000276                InitPorts
                0x000002ac                InitInterrupts
                0x00000264                LCDGotoXY
                0x00000472                LeftMB
                0x00000492                LeftMS
                0x000005be                DispAdjustmentMenu
                0x0000169e                __vector_18
 .text          0x00001916        0x0 d:/softwares/bin/../lib/gcc/avr/4.3.2/avr5\libgcc.a(_divmodhi4.o)
 .text          0x00001916        0x0 d:/softwares/bin/../lib/gcc/avr/4.3.2/avr5\libgcc.a(_exit.o)
 .text          0x00001916        0x0 d:/softwares/bin/../lib/gcc/avr/4.3.2/avr5\libgcc.a(_copy_data.o)
 .text          0x00001916        0x0 d:/softwares/bin/../lib/gcc/avr/4.3.2/avr5\libgcc.a(_clear_bss.o)
 .text          0x00001916       0x58 d:/softwares/bin/../lib/gcc/avr/4.3.2/avr5\libgcc.a(_fixunssfsi.o)
                0x00001916                __fixunssfsi
 .text          0x0000196e      0x354 d:/softwares/bin/../lib/gcc/avr/4.3.2/avr5\libgcc.a(_addsub_sf.o)
                0x00001c06                __subsf3
                0x00001c68                __addsf3
 .text          0x00001cc2      0x1f4 d:/softwares/bin/../lib/gcc/avr/4.3.2/avr5\libgcc.a(_mul_sf.o)
                0x00001cc2                __mulsf3
 .text          0x00001eb6      0x158 d:/softwares/bin/../lib/gcc/avr/4.3.2/avr5\libgcc.a(_div_sf.o)
                0x00001eb6                __divsf3
 .text          0x0000200e       0x60 d:/softwares/bin/../lib/gcc/avr/4.3.2/avr5\libgcc.a(_ge_sf.o)
                0x0000200e                __gesf2
 .text          0x0000206e       0x60 d:/softwares/bin/../lib/gcc/avr/4.3.2/avr5\libgcc.a(_lt_sf.o)
                0x0000206e                __ltsf2
 .text          0x000020ce       0xbc d:/softwares/bin/../lib/gcc/avr/4.3.2/avr5\libgcc.a(_si_to_sf.o)
                0x000020ce                __floatsisf
 .text          0x0000218a       0xa8 d:/softwares/bin/../lib/gcc/avr/4.3.2/avr5\libgcc.a(_sf_to_si.o)
                0x0000218a                __fixsfsi
 .text          0x00002232        0x0 d:/softwares/bin/../lib/gcc/avr/4.3.2/avr5\libgcc.a(_thenan_sf.o)
 .text          0x00002232       0xf2 d:/softwares/bin/../lib/gcc/avr/4.3.2/avr5\libgcc.a(_usi_to_sf.o)
                0x00002232                __floatunsisf
 .text          0x00002324        0x0 d:/softwares/bin/../lib/gcc/avr/4.3.2/avr5\libgcc.a(_udivmodhi4.o)
 .text          0x00002324        0x0 d:/softwares/bin/../lib/gcc/avr/4.3.2/avr5\libgcc.a(_prologue.o)
 .text          0x00002324        0x0 d:/softwares/bin/../lib/gcc/avr/4.3.2/avr5\libgcc.a(_epilogue.o)
 .text          0x00002324       0x9e d:/softwares/bin/../lib/gcc/avr/4.3.2/avr5\libgcc.a(_clzsi2.o)
                0x00002324                __clzsi2
 .text          0x000023c2      0x1aa d:/softwares/bin/../lib/gcc/avr/4.3.2/avr5\libgcc.a(_pack_sf.o)
                0x000023c2                __pack_f
 .text          0x0000256c       0xf0 d:/softwares/bin/../lib/gcc/avr/4.3.2/avr5\libgcc.a(_unpack_sf.o)
                0x0000256c                __unpack_f
 .text          0x0000265c       0xb2 d:/softwares/bin/../lib/gcc/avr/4.3.2/avr5\libgcc.a(_fpcmp_parts_sf.o)
                0x0000265c                __fpcmp_parts_f
 .text          0x0000270e        0x0 d:/softwares/bin/../lib/gcc/avr/4.3.2/avr5\libgcc.a(_clz.o)
                0x0000270e                . = ALIGN (0x2)
 *(.text.*)
 .text.libgcc   0x0000270e       0x26 d:/softwares/bin/../lib/gcc/avr/4.3.2/avr5\libgcc.a(_divmodhi4.o)
                0x0000270e                __divmodhi4
                0x0000270e                _div
 .text.libgcc   0x00002734        0x0 d:/softwares/bin/../lib/gcc/avr/4.3.2/avr5\libgcc.a(_exit.o)
 .text.libgcc   0x00002734        0x0 d:/softwares/bin/../lib/gcc/avr/4.3.2/avr5\libgcc.a(_copy_data.o)
 .text.libgcc   0x00002734        0x0 d:/softwares/bin/../lib/gcc/avr/4.3.2/avr5\libgcc.a(_clear_bss.o)
 .text.libgcc   0x00002734       0x28 d:/softwares/bin/../lib/gcc/avr/4.3.2/avr5\libgcc.a(_udivmodhi4.o)
                0x00002734                __udivmodhi4
 .text.libgcc   0x0000275c       0x38 d:/softwares/bin/../lib/gcc/avr/4.3.2/avr5\libgcc.a(_prologue.o)
                0x0000275c                __prologue_saves__
 .text.libgcc   0x00002794       0x36 d:/softwares/bin/../lib/gcc/avr/4.3.2/avr5\libgcc.a(_epilogue.o)
                0x00002794                __epilogue_restores__
                0x000027ca                . = ALIGN (0x2)
 *(.fini9)
 .fini9         0x000027ca        0x0 d:/softwares/bin/../lib/gcc/avr/4.3.2/avr5\libgcc.a(_exit.o)
                0x000027ca                exit
                0x000027ca                _exit
 *(.fini9)
 *(.fini8)
 *(.fini8)
 *(.fini7)
 *(.fini7)
 *(.fini6)
 *(.fini6)
 *(.fini5)
 *(.fini5)
 *(.fini4)
 *(.fini4)
 *(.fini3)
 *(.fini3)
 *(.fini2)
 *(.fini2)
 *(.fini1)
 *(.fini1)
 *(.fini0)
 .fini0         0x000027ca        0x4 d:/softwares/bin/../lib/gcc/avr/4.3.2/avr5\libgcc.a(_exit.o)
 *(.fini0)
                0x000027ce                _etext = .

.data           0x00800060      0x1e6 load address 0x000027ce
                0x00800060                PROVIDE (__data_start, .)
 *(.data)
 .data          0x00800060        0x0 d:/softwares/bin/../lib/gcc/avr/4.3.2/../../../../avr/lib/avr5/crtm16.o
 .data          0x00800060       0xde bitsatmos.o
                0x00800132                pause
                0x0080013a                Ki
                0x00800136                basespeed
                0x0080013c                Kd
                0x00800133                lastreading
                0x00800138                Kp
                0x00800134                maxspeed
 .data          0x0080013e        0x0 d:/softwares/bin/../lib/gcc/avr/4.3.2/avr5\libgcc.a(_divmodhi4.o)
 .data          0x0080013e        0x0 d:/softwares/bin/../lib/gcc/avr/4.3.2/avr5\libgcc.a(_exit.o)
 .data          0x0080013e        0x0 d:/softwares/bin/../lib/gcc/avr/4.3.2/avr5\libgcc.a(_copy_data.o)
 .data          0x0080013e        0x0 d:/softwares/bin/../lib/gcc/avr/4.3.2/avr5\libgcc.a(_clear_bss.o)
 .data          0x0080013e        0x0 d:/softwares/bin/../lib/gcc/avr/4.3.2/avr5\libgcc.a(_fixunssfsi.o)
 .data          0x0080013e        0x0 d:/softwares/bin/../lib/gcc/avr/4.3.2/avr5\libgcc.a(_addsub_sf.o)
 .data          0x0080013e        0x0 d:/softwares/bin/../lib/gcc/avr/4.3.2/avr5\libgcc.a(_mul_sf.o)
 .data          0x0080013e        0x0 d:/softwares/bin/../lib/gcc/avr/4.3.2/avr5\libgcc.a(_div_sf.o)
 .data          0x0080013e        0x0 d:/softwares/bin/../lib/gcc/avr/4.3.2/avr5\libgcc.a(_ge_sf.o)
 .data          0x0080013e        0x0 d:/softwares/bin/../lib/gcc/avr/4.3.2/avr5\libgcc.a(_lt_sf.o)
 .data          0x0080013e        0x0 d:/softwares/bin/../lib/gcc/avr/4.3.2/avr5\libgcc.a(_si_to_sf.o)
 .data          0x0080013e        0x0 d:/softwares/bin/../lib/gcc/avr/4.3.2/avr5\libgcc.a(_sf_to_si.o)
 .data          0x0080013e        0x8 d:/softwares/bin/../lib/gcc/avr/4.3.2/avr5\libgcc.a(_thenan_sf.o)
                0x0080013e                __thenan_sf
 .data          0x00800146        0x0 d:/softwares/bin/../lib/gcc/avr/4.3.2/avr5\libgcc.a(_usi_to_sf.o)
 .data          0x00800146        0x0 d:/softwares/bin/../lib/gcc/avr/4.3.2/avr5\libgcc.a(_udivmodhi4.o)
 .data          0x00800146        0x0 d:/softwares/bin/../lib/gcc/avr/4.3.2/avr5\libgcc.a(_prologue.o)
 .data          0x00800146        0x0 d:/softwares/bin/../lib/gcc/avr/4.3.2/avr5\libgcc.a(_epilogue.o)
 .data          0x00800146        0x0 d:/softwares/bin/../lib/gcc/avr/4.3.2/avr5\libgcc.a(_clzsi2.o)
 .data          0x00800146        0x0 d:/softwares/bin/../lib/gcc/avr/4.3.2/avr5\libgcc.a(_pack_sf.o)
 .data          0x00800146        0x0 d:/softwares/bin/../lib/gcc/avr/4.3.2/avr5\libgcc.a(_unpack_sf.o)
 .data          0x00800146        0x0 d:/softwares/bin/../lib/gcc/avr/4.3.2/avr5\libgcc.a(_fpcmp_parts_sf.o)
 .data          0x00800146      0x100 d:/softwares/bin/../lib/gcc/avr/4.3.2/avr5\libgcc.a(_clz.o)
                0x00800146                __clz_tab
 *(.data*)
 *(.rodata)
 *(.rodata*)
 *(.gnu.linkonce.d*)
                0x00800246                . = ALIGN (0x2)
                0x00800246                _edata = .
                0x00800246                PROVIDE (__data_end, .)

.bss            0x00800246       0x2e
                0x00800246                PROVIDE (__bss_start, .)
 *(.bss)
 .bss           0x00800246        0x0 d:/softwares/bin/../lib/gcc/avr/4.3.2/../../../../avr/lib/avr5/crtm16.o
 .bss           0x00800246        0xa bitsatmos.o
                0x0080024e                menu
                0x0080024a                perror
                0x00800246                error
 .bss           0x00800250        0x0 d:/softwares/bin/../lib/gcc/avr/4.3.2/avr5\libgcc.a(_divmodhi4.o)
 .bss           0x00800250        0x0 d:/softwares/bin/../lib/gcc/avr/4.3.2/avr5\libgcc.a(_exit.o)
 .bss           0x00800250        0x0 d:/softwares/bin/../lib/gcc/avr/4.3.2/avr5\libgcc.a(_copy_data.o)
 .bss           0x00800250        0x0 d:/softwares/bin/../lib/gcc/avr/4.3.2/avr5\libgcc.a(_clear_bss.o)
 .bss           0x00800250        0x0 d:/softwares/bin/../lib/gcc/avr/4.3.2/avr5\libgcc.a(_fixunssfsi.o)
 .bss           0x00800250        0x0 d:/softwares/bin/../lib/gcc/avr/4.3.2/avr5\libgcc.a(_addsub_sf.o)
 .bss           0x00800250        0x0 d:/softwares/bin/../lib/gcc/avr/4.3.2/avr5\libgcc.a(_mul_sf.o)
 .bss           0x00800250        0x0 d:/softwares/bin/../lib/gcc/avr/4.3.2/avr5\libgcc.a(_div_sf.o)
 .bss           0x00800250        0x0 d:/softwares/bin/../lib/gcc/avr/4.3.2/avr5\libgcc.a(_ge_sf.o)
 .bss           0x00800250        0x0 d:/softwares/bin/../lib/gcc/avr/4.3.2/avr5\libgcc.a(_lt_sf.o)
 .bss           0x00800250        0x0 d:/softwares/bin/../lib/gcc/avr/4.3.2/avr5\libgcc.a(_si_to_sf.o)
 .bss           0x00800250        0x0 d:/softwares/bin/../lib/gcc/avr/4.3.2/avr5\libgcc.a(_sf_to_si.o)
 .bss           0x00800250        0x0 d:/softwares/bin/../lib/gcc/avr/4.3.2/avr5\libgcc.a(_thenan_sf.o)
 .bss           0x00800250        0x0 d:/softwares/bin/../lib/gcc/avr/4.3.2/avr5\libgcc.a(_usi_to_sf.o)
 .bss           0x00800250        0x0 d:/softwares/bin/../lib/gcc/avr/4.3.2/avr5\libgcc.a(_udivmodhi4.o)
 .bss           0x00800250        0x0 d:/softwares/bin/../lib/gcc/avr/4.3.2/avr5\libgcc.a(_prologue.o)
 .bss           0x00800250        0x0 d:/softwares/bin/../lib/gcc/avr/4.3.2/avr5\libgcc.a(_epilogue.o)
 .bss           0x00800250        0x0 d:/softwares/bin/../lib/gcc/avr/4.3.2/avr5\libgcc.a(_clzsi2.o)
 .bss           0x00800250        0x0 d:/softwares/bin/../lib/gcc/avr/4.3.2/avr5\libgcc.a(_pack_sf.o)
 .bss           0x00800250        0x0 d:/softwares/bin/../lib/gcc/avr/4.3.2/avr5\libgcc.a(_unpack_sf.o)
 .bss           0x00800250        0x0 d:/softwares/bin/../lib/gcc/avr/4.3.2/avr5\libgcc.a(_fpcmp_parts_sf.o)
 .bss           0x00800250        0x0 d:/softwares/bin/../lib/gcc/avr/4.3.2/avr5\libgcc.a(_clz.o)
 *(.bss*)
 *(COMMON)
 COMMON         0x00800250       0x24 bitsatmos.o
                0x00800250                D
                0x00800254                s6
                0x00800256                s1
                0x00800258                s4
                0x0080025a                s8
                0x0080025c                correction
                0x00800260                rightpulse
                0x00800262                s5
                0x00800264                s2
                0x00800266                I
                0x0080026a                leftpulse
                0x0080026c                s3
                0x0080026e                s7
                0x00800270                P
                0x00800274                PROVIDE (__bss_end, .)
                0x000027ce                __data_load_start = LOADADDR (.data)
                0x000029b4                __data_load_end = (__data_load_start + SIZEOF (.data))

.noinit         0x00800274        0x0
                0x00800274                PROVIDE (__noinit_start, .)
 *(.noinit*)
                0x00800274                PROVIDE (__noinit_end, .)
                0x00800274                _end = .
                0x00800274                PROVIDE (__heap_start, .)

.eeprom         0x00810000        0x0
 *(.eeprom*)
                0x00810000                __eeprom_end = .

.fuse
 *(.fuse)
 *(.lfuse)
 *(.hfuse)
 *(.efuse)

.lock
 *(.lock*)

.signature
 *(.signature*)

.stab
 *(.stab)

.stabstr
 *(.stabstr)

.stab.excl
 *(.stab.excl)

.stab.exclstr
 *(.stab.exclstr)

.stab.index
 *(.stab.index)

.stab.indexstr
 *(.stab.indexstr)

.comment
 *(.comment)

.debug
 *(.debug)

.line
 *(.line)

.debug_srcinfo
 *(.debug_srcinfo)

.debug_sfnames
 *(.debug_sfnames)

.debug_aranges  0x00000000       0x20
 *(.debug_aranges)
 .debug_aranges
                0x00000000       0x20 bitsatmos.o

.debug_pubnames
                0x00000000      0x25a
 *(.debug_pubnames)
 .debug_pubnames
                0x00000000      0x25a bitsatmos.o

.debug_info     0x00000000      0xc39
 *(.debug_info)
 .debug_info    0x00000000      0xc39 bitsatmos.o
 *(.gnu.linkonce.wi.*)

.debug_abbrev   0x00000000      0x28d
 *(.debug_abbrev)
 .debug_abbrev  0x00000000      0x28d bitsatmos.o

.debug_line     0x00000000     0x1023
 *(.debug_line)
 .debug_line    0x00000000     0x1023 bitsatmos.o

.debug_frame    0x00000000      0x1b0
 *(.debug_frame)
 .debug_frame   0x00000000      0x1b0 bitsatmos.o

.debug_str      0x00000000      0x268
 *(.debug_str)
 .debug_str     0x00000000      0x268 bitsatmos.o
                                0x2a7 (size before relaxing)

.debug_loc      0x00000000      0x59f
 *(.debug_loc)
 .debug_loc     0x00000000      0x59f bitsatmos.o

.debug_macinfo
 *(.debug_macinfo)
OUTPUT(bitsatmos.elf elf32-avr)
LOAD linker stubs

.debug_ranges   0x00000000       0x48
 .debug_ranges  0x00000000       0x48 bitsatmos.o
