Archive member included because of file (symbol)

d:/softwares/bin/../lib/gcc/avr/4.3.2/avr5\libgcc.a(_divmodhi4.o)
                              pid.o (__divmodhi4)
d:/softwares/bin/../lib/gcc/avr/4.3.2/avr5\libgcc.a(_exit.o)
                              d:/softwares/bin/../lib/gcc/avr/4.3.2/../../../../avr/lib/avr5/crtm16.o (exit)
d:/softwares/bin/../lib/gcc/avr/4.3.2/avr5\libgcc.a(_copy_data.o)
                              pid.o (__do_copy_data)
d:/softwares/bin/../lib/gcc/avr/4.3.2/avr5\libgcc.a(_clear_bss.o)
                              pid.o (__do_clear_bss)
d:/softwares/bin/../lib/gcc/avr/4.3.2/avr5\libgcc.a(_fixunssfsi.o)
                              pid.o (__fixunssfsi)
d:/softwares/bin/../lib/gcc/avr/4.3.2/avr5\libgcc.a(_addsub_sf.o)
                              pid.o (__subsf3)
d:/softwares/bin/../lib/gcc/avr/4.3.2/avr5\libgcc.a(_mul_sf.o)
                              pid.o (__mulsf3)
d:/softwares/bin/../lib/gcc/avr/4.3.2/avr5\libgcc.a(_div_sf.o)
                              pid.o (__divsf3)
d:/softwares/bin/../lib/gcc/avr/4.3.2/avr5\libgcc.a(_eq_sf.o)
                              pid.o (__eqsf2)
d:/softwares/bin/../lib/gcc/avr/4.3.2/avr5\libgcc.a(_gt_sf.o)
                              pid.o (__gtsf2)
d:/softwares/bin/../lib/gcc/avr/4.3.2/avr5\libgcc.a(_ge_sf.o)
                              d:/softwares/bin/../lib/gcc/avr/4.3.2/avr5\libgcc.a(_fixunssfsi.o) (__gesf2)
d:/softwares/bin/../lib/gcc/avr/4.3.2/avr5\libgcc.a(_lt_sf.o)
                              pid.o (__ltsf2)
d:/softwares/bin/../lib/gcc/avr/4.3.2/avr5\libgcc.a(_si_to_sf.o)
                              pid.o (__floatsisf)
d:/softwares/bin/../lib/gcc/avr/4.3.2/avr5\libgcc.a(_sf_to_si.o)
                              d:/softwares/bin/../lib/gcc/avr/4.3.2/avr5\libgcc.a(_fixunssfsi.o) (__fixsfsi)
d:/softwares/bin/../lib/gcc/avr/4.3.2/avr5\libgcc.a(_thenan_sf.o)
                              d:/softwares/bin/../lib/gcc/avr/4.3.2/avr5\libgcc.a(_addsub_sf.o) (__thenan_sf)
d:/softwares/bin/../lib/gcc/avr/4.3.2/avr5\libgcc.a(_usi_to_sf.o)
                              pid.o (__floatunsisf)
d:/softwares/bin/../lib/gcc/avr/4.3.2/avr5\libgcc.a(_udivmodhi4.o)
                              d:/softwares/bin/../lib/gcc/avr/4.3.2/avr5\libgcc.a(_divmodhi4.o) (__udivmodhi4)
d:/softwares/bin/../lib/gcc/avr/4.3.2/avr5\libgcc.a(_prologue.o)
                              d:/softwares/bin/../lib/gcc/avr/4.3.2/avr5\libgcc.a(_addsub_sf.o) (__prologue_saves__)
d:/softwares/bin/../lib/gcc/avr/4.3.2/avr5\libgcc.a(_epilogue.o)
                              d:/softwares/bin/../lib/gcc/avr/4.3.2/avr5\libgcc.a(_addsub_sf.o) (__epilogue_restores__)
d:/softwares/bin/../lib/gcc/avr/4.3.2/avr5\libgcc.a(_clzsi2.o)
                              d:/softwares/bin/../lib/gcc/avr/4.3.2/avr5\libgcc.a(_si_to_sf.o) (__clzsi2)
d:/softwares/bin/../lib/gcc/avr/4.3.2/avr5\libgcc.a(_pack_sf.o)
                              d:/softwares/bin/../lib/gcc/avr/4.3.2/avr5\libgcc.a(_addsub_sf.o) (__pack_f)
d:/softwares/bin/../lib/gcc/avr/4.3.2/avr5\libgcc.a(_unpack_sf.o)
                              d:/softwares/bin/../lib/gcc/avr/4.3.2/avr5\libgcc.a(_addsub_sf.o) (__unpack_f)
d:/softwares/bin/../lib/gcc/avr/4.3.2/avr5\libgcc.a(_fpcmp_parts_sf.o)
                              d:/softwares/bin/../lib/gcc/avr/4.3.2/avr5\libgcc.a(_eq_sf.o) (__fpcmp_parts_f)
d:/softwares/bin/../lib/gcc/avr/4.3.2/avr5\libgcc.a(_clz.o)
                              d:/softwares/bin/../lib/gcc/avr/4.3.2/avr5\libgcc.a(_clzsi2.o) (__clz_tab)

Allocating common symbols
Common symbol       size              file

D                   0x4               pid.o
s6                  0x2               pid.o
s1                  0x2               pid.o
s4                  0x2               pid.o
s8                  0x2               pid.o
correction          0x4               pid.o
rightpulse          0x2               pid.o
s5                  0x2               pid.o
s2                  0x2               pid.o
I                   0x4               pid.o
leftpulse           0x2               pid.o
s3                  0x2               pid.o
s7                  0x2               pid.o
P                   0x4               pid.o

Memory Configuration

Name             Origin             Length             Attributes
text             0x00000000         0x00020000         xr
data             0x00800060         0x0000ffa0         rw !x
eeprom           0x00810000         0x00010000         rw !x
fuse             0x00820000         0x00000400         rw !x
lock             0x00830000         0x00000400         rw !x
signature        0x00840000         0x00000400         rw !x
*default*        0x00000000         0xffffffff

Linker script and memory map

LOAD d:/softwares/bin/../lib/gcc/avr/4.3.2/../../../../avr/lib/avr5/crtm16.o
LOAD pid.o
LOAD d:/softwares/bin/../lib/gcc/avr/4.3.2/avr5\libgcc.a
LOAD d:/softwares/bin/../lib/gcc/avr/4.3.2/../../../../avr/lib/avr5\libc.a
LOAD d:/softwares/bin/../lib/gcc/avr/4.3.2/avr5\libgcc.a

.hash
 *(.hash)

.dynsym
 *(.dynsym)

.dynstr
 *(.dynstr)

.gnu.version
 *(.gnu.version)

.gnu.version_d
 *(.gnu.version_d)

.gnu.version_r
 *(.gnu.version_r)

.rel.init
 *(.rel.init)

.rela.init
 *(.rela.init)

.rel.text
 *(.rel.text)
 *(.rel.text.*)
 *(.rel.gnu.linkonce.t*)

.rela.text
 *(.rela.text)
 *(.rela.text.*)
 *(.rela.gnu.linkonce.t*)

.rel.fini
 *(.rel.fini)

.rela.fini
 *(.rela.fini)

.rel.rodata
 *(.rel.rodata)
 *(.rel.rodata.*)
 *(.rel.gnu.linkonce.r*)

.rela.rodata
 *(.rela.rodata)
 *(.rela.rodata.*)
 *(.rela.gnu.linkonce.r*)

.rel.data
 *(.rel.data)
 *(.rel.data.*)
 *(.rel.gnu.linkonce.d*)

.rela.data
 *(.rela.data)
 *(.rela.data.*)
 *(.rela.gnu.linkonce.d*)

.rel.ctors
 *(.rel.ctors)

.rela.ctors
 *(.rela.ctors)

.rel.dtors
 *(.rel.dtors)

.rela.dtors
 *(.rela.dtors)

.rel.got
 *(.rel.got)

.rela.got
 *(.rela.got)

.rel.bss
 *(.rel.bss)

.rela.bss
 *(.rela.bss)

.rel.plt
 *(.rel.plt)

.rela.plt
 *(.rela.plt)

.text           0x00000000     0x1fe4
 *(.vectors)
 .vectors       0x00000000       0x54 d:/softwares/bin/../lib/gcc/avr/4.3.2/../../../../avr/lib/avr5/crtm16.o
                0x00000000                __vectors
                0x00000000                __vector_default
 *(.vectors)
 *(.progmem.gcc*)
 *(.progmem*)
                0x00000054                . = ALIGN (0x2)
                0x00000054                __trampolines_start = .
 *(.trampolines)
 .trampolines   0x00000054        0x0 linker stubs
 *(.trampolines*)
                0x00000054                __trampolines_end = .
 *(.jumptables)
 *(.jumptables*)
 *(.lowtext)
 *(.lowtext*)
                0x00000054                __ctors_start = .
 *(.ctors)
                0x00000054                __ctors_end = .
                0x00000054                __dtors_start = .
 *(.dtors)
                0x00000054                __dtors_end = .
 SORT(*)(.ctors)
 SORT(*)(.dtors)
 *(.init0)
 .init0         0x00000054        0x0 d:/softwares/bin/../lib/gcc/avr/4.3.2/../../../../avr/lib/avr5/crtm16.o
                0x00000054                __init
 *(.init0)
 *(.init1)
 *(.init1)
 *(.init2)
 .init2         0x00000054        0xc d:/softwares/bin/../lib/gcc/avr/4.3.2/../../../../avr/lib/avr5/crtm16.o
 *(.init2)
 *(.init3)
 *(.init3)
 *(.init4)
 .init4         0x00000060       0x16 d:/softwares/bin/../lib/gcc/avr/4.3.2/avr5\libgcc.a(_copy_data.o)
                0x00000060                __do_copy_data
 .init4         0x00000076       0x10 d:/softwares/bin/../lib/gcc/avr/4.3.2/avr5\libgcc.a(_clear_bss.o)
                0x00000076                __do_clear_bss
 *(.init4)
 *(.init5)
 *(.init5)
 *(.init6)
 *(.init6)
 *(.init7)
 *(.init7)
 *(.init8)
 *(.init8)
 *(.init9)
 .init9         0x00000086        0x8 d:/softwares/bin/../lib/gcc/avr/4.3.2/../../../../avr/lib/avr5/crtm16.o
 *(.init9)
 *(.text)
 .text          0x0000008e        0x4 d:/softwares/bin/../lib/gcc/avr/4.3.2/../../../../avr/lib/avr5/crtm16.o
                0x0000008e                __vector_12
                0x0000008e                __bad_interrupt
                0x0000008e                __vector_6
                0x0000008e                __vector_3
                0x0000008e                __vector_11
                0x0000008e                __vector_13
                0x0000008e                __vector_17
                0x0000008e                __vector_19
                0x0000008e                __vector_7
                0x0000008e                __vector_5
                0x0000008e                __vector_4
                0x0000008e                __vector_9
                0x0000008e                __vector_15
                0x0000008e                __vector_8
                0x0000008e                __vector_14
                0x0000008e                __vector_10
                0x0000008e                __vector_16
                0x0000008e                __vector_20
 .text          0x00000092      0xfda pid.o
                0x00000ee4                __vector_1
                0x000005b8                BacklightOff
                0x0000018c                LCDWriteString
                0x0000052a                RightMF
                0x000002a2                InitPWM
                0x000000e6                LCDByte
                0x00000092                LCDBusyLoop
                0x000005b4                BacklightOn
                0x00000136                InitLCD
                0x0000053a                RightMB
                0x000002de                CalcError
                0x00000532                LeftMF
                0x00000996                main
                0x0000067e                DispMenu
                0x000001a8                LCDWriteInt
                0x0000054a                RightMS
                0x00000552                delay
                0x00000ca2                __vector_2
                0x00000276                InitPorts
                0x000002ac                InitInterrupts
                0x00000264                LCDGotoXY
                0x00000522                LeftMB
                0x00000542                LeftMS
                0x000005bc                DispAdjustmentMenu
                0x00000df4                __vector_18
 .text          0x0000106c        0x0 d:/softwares/bin/../lib/gcc/avr/4.3.2/avr5\libgcc.a(_divmodhi4.o)
 .text          0x0000106c        0x0 d:/softwares/bin/../lib/gcc/avr/4.3.2/avr5\libgcc.a(_exit.o)
 .text          0x0000106c        0x0 d:/softwares/bin/../lib/gcc/avr/4.3.2/avr5\libgcc.a(_copy_data.o)
 .text          0x0000106c        0x0 d:/softwares/bin/../lib/gcc/avr/4.3.2/avr5\libgcc.a(_clear_bss.o)
 .text          0x0000106c       0x58 d:/softwares/bin/../lib/gcc/avr/4.3.2/avr5\libgcc.a(_fixunssfsi.o)
                0x0000106c                __fixunssfsi
 .text          0x000010c4      0x354 d:/softwares/bin/../lib/gcc/avr/4.3.2/avr5\libgcc.a(_addsub_sf.o)
                0x0000135c                __subsf3
                0x000013be                __addsf3
 .text          0x00001418      0x1f4 d:/softwares/bin/../lib/gcc/avr/4.3.2/avr5\libgcc.a(_mul_sf.o)
                0x00001418                __mulsf3
 .text          0x0000160c      0x158 d:/softwares/bin/../lib/gcc/avr/4.3.2/avr5\libgcc.a(_div_sf.o)
                0x0000160c                __divsf3
 .text          0x00001764       0x60 d:/softwares/bin/../lib/gcc/avr/4.3.2/avr5\libgcc.a(_eq_sf.o)
                0x00001764                __eqsf2
 .text          0x000017c4       0x60 d:/softwares/bin/../lib/gcc/avr/4.3.2/avr5\libgcc.a(_gt_sf.o)
                0x000017c4                __gtsf2
 .text          0x00001824       0x60 d:/softwares/bin/../lib/gcc/avr/4.3.2/avr5\libgcc.a(_ge_sf.o)
                0x00001824                __gesf2
 .text          0x00001884       0x60 d:/softwares/bin/../lib/gcc/avr/4.3.2/avr5\libgcc.a(_lt_sf.o)
                0x00001884                __ltsf2
 .text          0x000018e4       0xbc d:/softwares/bin/../lib/gcc/avr/4.3.2/avr5\libgcc.a(_si_to_sf.o)
                0x000018e4                __floatsisf
 .text          0x000019a0       0xa8 d:/softwares/bin/../lib/gcc/avr/4.3.2/avr5\libgcc.a(_sf_to_si.o)
                0x000019a0                __fixsfsi
 .text          0x00001a48        0x0 d:/softwares/bin/../lib/gcc/avr/4.3.2/avr5\libgcc.a(_thenan_sf.o)
 .text          0x00001a48       0xf2 d:/softwares/bin/../lib/gcc/avr/4.3.2/avr5\libgcc.a(_usi_to_sf.o)
                0x00001a48                __floatunsisf
 .text          0x00001b3a        0x0 d:/softwares/bin/../lib/gcc/avr/4.3.2/avr5\libgcc.a(_udivmodhi4.o)
 .text          0x00001b3a        0x0 d:/softwares/bin/../lib/gcc/avr/4.3.2/avr5\libgcc.a(_prologue.o)
 .text          0x00001b3a        0x0 d:/softwares/bin/../lib/gcc/avr/4.3.2/avr5\libgcc.a(_epilogue.o)
 .text          0x00001b3a       0x9e d:/softwares/bin/../lib/gcc/avr/4.3.2/avr5\libgcc.a(_clzsi2.o)
                0x00001b3a                __clzsi2
 .text          0x00001bd8      0x1aa d:/softwares/bin/../lib/gcc/avr/4.3.2/avr5\libgcc.a(_pack_sf.o)
                0x00001bd8                __pack_f
 .text          0x00001d82       0xf0 d:/softwares/bin/../lib/gcc/avr/4.3.2/avr5\libgcc.a(_unpack_sf.o)
                0x00001d82                __unpack_f
 .text          0x00001e72       0xb2 d:/softwares/bin/../lib/gcc/avr/4.3.2/avr5\libgcc.a(_fpcmp_parts_sf.o)
                0x00001e72                __fpcmp_parts_f
 .text          0x00001f24        0x0 d:/softwares/bin/../lib/gcc/avr/4.3.2/avr5\libgcc.a(_clz.o)
                0x00001f24                . = ALIGN (0x2)
 *(.text.*)
 .text.libgcc   0x00001f24       0x26 d:/softwares/bin/../lib/gcc/avr/4.3.2/avr5\libgcc.a(_divmodhi4.o)
                0x00001f24                __divmodhi4
                0x00001f24                _div
 .text.libgcc   0x00001f4a        0x0 d:/softwares/bin/../lib/gcc/avr/4.3.2/avr5\libgcc.a(_exit.o)
 .text.libgcc   0x00001f4a        0x0 d:/softwares/bin/../lib/gcc/avr/4.3.2/avr5\libgcc.a(_copy_data.o)
 .text.libgcc   0x00001f4a        0x0 d:/softwares/bin/../lib/gcc/avr/4.3.2/avr5\libgcc.a(_clear_bss.o)
 .text.libgcc   0x00001f4a       0x28 d:/softwares/bin/../lib/gcc/avr/4.3.2/avr5\libgcc.a(_udivmodhi4.o)
                0x00001f4a                __udivmodhi4
 .text.libgcc   0x00001f72       0x38 d:/softwares/bin/../lib/gcc/avr/4.3.2/avr5\libgcc.a(_prologue.o)
                0x00001f72                __prologue_saves__
 .text.libgcc   0x00001faa       0x36 d:/softwares/bin/../lib/gcc/avr/4.3.2/avr5\libgcc.a(_epilogue.o)
                0x00001faa                __epilogue_restores__
                0x00001fe0                . = ALIGN (0x2)
 *(.fini9)
 .fini9         0x00001fe0        0x0 d:/softwares/bin/../lib/gcc/avr/4.3.2/avr5\libgcc.a(_exit.o)
                0x00001fe0                exit
                0x00001fe0                _exit
 *(.fini9)
 *(.fini8)
 *(.fini8)
 *(.fini7)
 *(.fini7)
 *(.fini6)
 *(.fini6)
 *(.fini5)
 *(.fini5)
 *(.fini4)
 *(.fini4)
 *(.fini3)
 *(.fini3)
 *(.fini2)
 *(.fini2)
 *(.fini1)
 *(.fini1)
 *(.fini0)
 .fini0         0x00001fe0        0x4 d:/softwares/bin/../lib/gcc/avr/4.3.2/avr5\libgcc.a(_exit.o)
 *(.fini0)
                0x00001fe4                _etext = .

.data           0x00800060      0x1e4 load address 0x00001fe4
                0x00800060                PROVIDE (__data_start, .)
 *(.data)
 .data          0x00800060        0x0 d:/softwares/bin/../lib/gcc/avr/4.3.2/../../../../avr/lib/avr5/crtm16.o
 .data          0x00800060       0xdc pid.o
                0x00800130                pause
                0x00800138                Ki
                0x00800134                basespeed
                0x0080013a                Kd
                0x00800131                lastreading
                0x00800136                Kp
                0x00800132                maxspeed
 .data          0x0080013c        0x0 d:/softwares/bin/../lib/gcc/avr/4.3.2/avr5\libgcc.a(_divmodhi4.o)
 .data          0x0080013c        0x0 d:/softwares/bin/../lib/gcc/avr/4.3.2/avr5\libgcc.a(_exit.o)
 .data          0x0080013c        0x0 d:/softwares/bin/../lib/gcc/avr/4.3.2/avr5\libgcc.a(_copy_data.o)
 .data          0x0080013c        0x0 d:/softwares/bin/../lib/gcc/avr/4.3.2/avr5\libgcc.a(_clear_bss.o)
 .data          0x0080013c        0x0 d:/softwares/bin/../lib/gcc/avr/4.3.2/avr5\libgcc.a(_fixunssfsi.o)
 .data          0x0080013c        0x0 d:/softwares/bin/../lib/gcc/avr/4.3.2/avr5\libgcc.a(_addsub_sf.o)
 .data          0x0080013c        0x0 d:/softwares/bin/../lib/gcc/avr/4.3.2/avr5\libgcc.a(_mul_sf.o)
 .data          0x0080013c        0x0 d:/softwares/bin/../lib/gcc/avr/4.3.2/avr5\libgcc.a(_div_sf.o)
 .data          0x0080013c        0x0 d:/softwares/bin/../lib/gcc/avr/4.3.2/avr5\libgcc.a(_eq_sf.o)
 .data          0x0080013c        0x0 d:/softwares/bin/../lib/gcc/avr/4.3.2/avr5\libgcc.a(_gt_sf.o)
 .data          0x0080013c        0x0 d:/softwares/bin/../lib/gcc/avr/4.3.2/avr5\libgcc.a(_ge_sf.o)
 .data          0x0080013c        0x0 d:/softwares/bin/../lib/gcc/avr/4.3.2/avr5\libgcc.a(_lt_sf.o)
 .data          0x0080013c        0x0 d:/softwares/bin/../lib/gcc/avr/4.3.2/avr5\libgcc.a(_si_to_sf.o)
 .data          0x0080013c        0x0 d:/softwares/bin/../lib/gcc/avr/4.3.2/avr5\libgcc.a(_sf_to_si.o)
 .data          0x0080013c        0x8 d:/softwares/bin/../lib/gcc/avr/4.3.2/avr5\libgcc.a(_thenan_sf.o)
                0x0080013c                __thenan_sf
 .data          0x00800144        0x0 d:/softwares/bin/../lib/gcc/avr/4.3.2/avr5\libgcc.a(_usi_to_sf.o)
 .data          0x00800144        0x0 d:/softwares/bin/../lib/gcc/avr/4.3.2/avr5\libgcc.a(_udivmodhi4.o)
 .data          0x00800144        0x0 d:/softwares/bin/../lib/gcc/avr/4.3.2/avr5\libgcc.a(_prologue.o)
 .data          0x00800144        0x0 d:/softwares/bin/../lib/gcc/avr/4.3.2/avr5\libgcc.a(_epilogue.o)
 .data          0x00800144        0x0 d:/softwares/bin/../lib/gcc/avr/4.3.2/avr5\libgcc.a(_clzsi2.o)
 .data          0x00800144        0x0 d:/softwares/bin/../lib/gcc/avr/4.3.2/avr5\libgcc.a(_pack_sf.o)
 .data          0x00800144        0x0 d:/softwares/bin/../lib/gcc/avr/4.3.2/avr5\libgcc.a(_unpack_sf.o)
 .data          0x00800144        0x0 d:/softwares/bin/../lib/gcc/avr/4.3.2/avr5\libgcc.a(_fpcmp_parts_sf.o)
 .data          0x00800144      0x100 d:/softwares/bin/../lib/gcc/avr/4.3.2/avr5\libgcc.a(_clz.o)
                0x00800144                __clz_tab
 *(.data*)
 *(.rodata)
 *(.rodata*)
 *(.gnu.linkonce.d*)
                0x00800244                . = ALIGN (0x2)
                0x00800244                _edata = .
                0x00800244                PROVIDE (__data_end, .)

.bss            0x00800244       0x2e
                0x00800244                PROVIDE (__bss_start, .)
 *(.bss)
 .bss           0x00800244        0x0 d:/softwares/bin/../lib/gcc/avr/4.3.2/../../../../avr/lib/avr5/crtm16.o
 .bss           0x00800244        0xa pid.o
                0x0080024c                menu
                0x00800248                perror
                0x00800244                error
 .bss           0x0080024e        0x0 d:/softwares/bin/../lib/gcc/avr/4.3.2/avr5\libgcc.a(_divmodhi4.o)
 .bss           0x0080024e        0x0 d:/softwares/bin/../lib/gcc/avr/4.3.2/avr5\libgcc.a(_exit.o)
 .bss           0x0080024e        0x0 d:/softwares/bin/../lib/gcc/avr/4.3.2/avr5\libgcc.a(_copy_data.o)
 .bss           0x0080024e        0x0 d:/softwares/bin/../lib/gcc/avr/4.3.2/avr5\libgcc.a(_clear_bss.o)
 .bss           0x0080024e        0x0 d:/softwares/bin/../lib/gcc/avr/4.3.2/avr5\libgcc.a(_fixunssfsi.o)
 .bss           0x0080024e        0x0 d:/softwares/bin/../lib/gcc/avr/4.3.2/avr5\libgcc.a(_addsub_sf.o)
 .bss           0x0080024e        0x0 d:/softwares/bin/../lib/gcc/avr/4.3.2/avr5\libgcc.a(_mul_sf.o)
 .bss           0x0080024e        0x0 d:/softwares/bin/../lib/gcc/avr/4.3.2/avr5\libgcc.a(_div_sf.o)
 .bss           0x0080024e        0x0 d:/softwares/bin/../lib/gcc/avr/4.3.2/avr5\libgcc.a(_eq_sf.o)
 .bss           0x0080024e        0x0 d:/softwares/bin/../lib/gcc/avr/4.3.2/avr5\libgcc.a(_gt_sf.o)
 .bss           0x0080024e        0x0 d:/softwares/bin/../lib/gcc/avr/4.3.2/avr5\libgcc.a(_ge_sf.o)
 .bss           0x0080024e        0x0 d:/softwares/bin/../lib/gcc/avr/4.3.2/avr5\libgcc.a(_lt_sf.o)
 .bss           0x0080024e        0x0 d:/softwares/bin/../lib/gcc/avr/4.3.2/avr5\libgcc.a(_si_to_sf.o)
 .bss           0x0080024e        0x0 d:/softwares/bin/../lib/gcc/avr/4.3.2/avr5\libgcc.a(_sf_to_si.o)
 .bss           0x0080024e        0x0 d:/softwares/bin/../lib/gcc/avr/4.3.2/avr5\libgcc.a(_thenan_sf.o)
 .bss           0x0080024e        0x0 d:/softwares/bin/../lib/gcc/avr/4.3.2/avr5\libgcc.a(_usi_to_sf.o)
 .bss           0x0080024e        0x0 d:/softwares/bin/../lib/gcc/avr/4.3.2/avr5\libgcc.a(_udivmodhi4.o)
 .bss           0x0080024e        0x0 d:/softwares/bin/../lib/gcc/avr/4.3.2/avr5\libgcc.a(_prologue.o)
 .bss           0x0080024e        0x0 d:/softwares/bin/../lib/gcc/avr/4.3.2/avr5\libgcc.a(_epilogue.o)
 .bss           0x0080024e        0x0 d:/softwares/bin/../lib/gcc/avr/4.3.2/avr5\libgcc.a(_clzsi2.o)
 .bss           0x0080024e        0x0 d:/softwares/bin/../lib/gcc/avr/4.3.2/avr5\libgcc.a(_pack_sf.o)
 .bss           0x0080024e        0x0 d:/softwares/bin/../lib/gcc/avr/4.3.2/avr5\libgcc.a(_unpack_sf.o)
 .bss           0x0080024e        0x0 d:/softwares/bin/../lib/gcc/avr/4.3.2/avr5\libgcc.a(_fpcmp_parts_sf.o)
 .bss           0x0080024e        0x0 d:/softwares/bin/../lib/gcc/avr/4.3.2/avr5\libgcc.a(_clz.o)
 *(.bss*)
 *(COMMON)
 COMMON         0x0080024e       0x24 pid.o
                0x0080024e                D
                0x00800252                s6
                0x00800254                s1
                0x00800256                s4
                0x00800258                s8
                0x0080025a                correction
                0x0080025e                rightpulse
                0x00800260                s5
                0x00800262                s2
                0x00800264                I
                0x00800268                leftpulse
                0x0080026a                s3
                0x0080026c                s7
                0x0080026e                P
                0x00800272                PROVIDE (__bss_end, .)
                0x00001fe4                __data_load_start = LOADADDR (.data)
                0x000021c8                __data_load_end = (__data_load_start + SIZEOF (.data))

.noinit         0x00800272        0x0
                0x00800272                PROVIDE (__noinit_start, .)
 *(.noinit*)
                0x00800272                PROVIDE (__noinit_end, .)
                0x00800272                _end = .
                0x00800272                PROVIDE (__heap_start, .)

.eeprom         0x00810000        0x0
 *(.eeprom*)
                0x00810000                __eeprom_end = .

.fuse
 *(.fuse)
 *(.lfuse)
 *(.hfuse)
 *(.efuse)

.lock
 *(.lock*)

.signature
 *(.signature*)

.stab
 *(.stab)

.stabstr
 *(.stabstr)

.stab.excl
 *(.stab.excl)

.stab.exclstr
 *(.stab.exclstr)

.stab.index
 *(.stab.index)

.stab.indexstr
 *(.stab.indexstr)

.comment
 *(.comment)

.debug
 *(.debug)

.line
 *(.line)

.debug_srcinfo
 *(.debug_srcinfo)

.debug_sfnames
 *(.debug_sfnames)

.debug_aranges  0x00000000       0x20
 *(.debug_aranges)
 .debug_aranges
                0x00000000       0x20 pid.o

.debug_pubnames
                0x00000000      0x24f
 *(.debug_pubnames)
 .debug_pubnames
                0x00000000      0x24f pid.o

.debug_info     0x00000000      0xcb8
 *(.debug_info)
 .debug_info    0x00000000      0xcb8 pid.o
 *(.gnu.linkonce.wi.*)

.debug_abbrev   0x00000000      0x258
 *(.debug_abbrev)
 .debug_abbrev  0x00000000      0x258 pid.o

.debug_line     0x00000000      0xea6
 *(.debug_line)
 .debug_line    0x00000000      0xea6 pid.o

.debug_frame    0x00000000      0x1a0
 *(.debug_frame)
 .debug_frame   0x00000000      0x1a0 pid.o

.debug_str      0x00000000      0x25b
 *(.debug_str)
 .debug_str     0x00000000      0x25b pid.o
                                0x29a (size before relaxing)

.debug_loc      0x00000000      0x59f
 *(.debug_loc)
 .debug_loc     0x00000000      0x59f pid.o

.debug_macinfo
 *(.debug_macinfo)
OUTPUT(pid.elf elf32-avr)
LOAD linker stubs

.debug_ranges   0x00000000       0x48
 .debug_ranges  0x00000000       0x48 pid.o
